Archive member included to satisfy reference by file (symbol)

/opt/st/stm32cubeide_1.3.0/plugins/com.st.stm32cube.ide.mcu.externaltools.gnu-tools-for-stm32.7-2018-q2-update.linux64_1.0.0.201904181610/tools/bin/../lib/gcc/arm-none-eabi/7.3.1/../../../../arm-none-eabi/lib/thumb/v7e-m/fpv4-sp/hard/libc_nano.a(lib_a-errno.o)
                              Core/Src/syscalls.o (__errno)
/opt/st/stm32cubeide_1.3.0/plugins/com.st.stm32cube.ide.mcu.externaltools.gnu-tools-for-stm32.7-2018-q2-update.linux64_1.0.0.201904181610/tools/bin/../lib/gcc/arm-none-eabi/7.3.1/../../../../arm-none-eabi/lib/thumb/v7e-m/fpv4-sp/hard/libc_nano.a(lib_a-exit.o)
                              /opt/st/stm32cubeide_1.3.0/plugins/com.st.stm32cube.ide.mcu.externaltools.gnu-tools-for-stm32.7-2018-q2-update.linux64_1.0.0.201904181610/tools/bin/../lib/gcc/arm-none-eabi/7.3.1/../../../../arm-none-eabi/lib/thumb/v7e-m/fpv4-sp/hard/crt0.o (exit)
/opt/st/stm32cubeide_1.3.0/plugins/com.st.stm32cube.ide.mcu.externaltools.gnu-tools-for-stm32.7-2018-q2-update.linux64_1.0.0.201904181610/tools/bin/../lib/gcc/arm-none-eabi/7.3.1/../../../../arm-none-eabi/lib/thumb/v7e-m/fpv4-sp/hard/libc_nano.a(lib_a-impure.o)
                              /opt/st/stm32cubeide_1.3.0/plugins/com.st.stm32cube.ide.mcu.externaltools.gnu-tools-for-stm32.7-2018-q2-update.linux64_1.0.0.201904181610/tools/bin/../lib/gcc/arm-none-eabi/7.3.1/../../../../arm-none-eabi/lib/thumb/v7e-m/fpv4-sp/hard/libc_nano.a(lib_a-exit.o) (_global_impure_ptr)
/opt/st/stm32cubeide_1.3.0/plugins/com.st.stm32cube.ide.mcu.externaltools.gnu-tools-for-stm32.7-2018-q2-update.linux64_1.0.0.201904181610/tools/bin/../lib/gcc/arm-none-eabi/7.3.1/../../../../arm-none-eabi/lib/thumb/v7e-m/fpv4-sp/hard/libc_nano.a(lib_a-init.o)
                              /opt/st/stm32cubeide_1.3.0/plugins/com.st.stm32cube.ide.mcu.externaltools.gnu-tools-for-stm32.7-2018-q2-update.linux64_1.0.0.201904181610/tools/bin/../lib/gcc/arm-none-eabi/7.3.1/../../../../arm-none-eabi/lib/thumb/v7e-m/fpv4-sp/hard/crt0.o (__libc_init_array)
/opt/st/stm32cubeide_1.3.0/plugins/com.st.stm32cube.ide.mcu.externaltools.gnu-tools-for-stm32.7-2018-q2-update.linux64_1.0.0.201904181610/tools/bin/../lib/gcc/arm-none-eabi/7.3.1/../../../../arm-none-eabi/lib/thumb/v7e-m/fpv4-sp/hard/libc_nano.a(lib_a-malloc.o)
                              Middlewares/USB_Host_Library/usbh_cdc.o (malloc)
/opt/st/stm32cubeide_1.3.0/plugins/com.st.stm32cube.ide.mcu.externaltools.gnu-tools-for-stm32.7-2018-q2-update.linux64_1.0.0.201904181610/tools/bin/../lib/gcc/arm-none-eabi/7.3.1/../../../../arm-none-eabi/lib/thumb/v7e-m/fpv4-sp/hard/libc_nano.a(lib_a-memset.o)
                              /opt/st/stm32cubeide_1.3.0/plugins/com.st.stm32cube.ide.mcu.externaltools.gnu-tools-for-stm32.7-2018-q2-update.linux64_1.0.0.201904181610/tools/bin/../lib/gcc/arm-none-eabi/7.3.1/../../../../arm-none-eabi/lib/thumb/v7e-m/fpv4-sp/hard/crt0.o (memset)
/opt/st/stm32cubeide_1.3.0/plugins/com.st.stm32cube.ide.mcu.externaltools.gnu-tools-for-stm32.7-2018-q2-update.linux64_1.0.0.201904181610/tools/bin/../lib/gcc/arm-none-eabi/7.3.1/../../../../arm-none-eabi/lib/thumb/v7e-m/fpv4-sp/hard/libc_nano.a(lib_a-nano-freer.o)
                              /opt/st/stm32cubeide_1.3.0/plugins/com.st.stm32cube.ide.mcu.externaltools.gnu-tools-for-stm32.7-2018-q2-update.linux64_1.0.0.201904181610/tools/bin/../lib/gcc/arm-none-eabi/7.3.1/../../../../arm-none-eabi/lib/thumb/v7e-m/fpv4-sp/hard/libc_nano.a(lib_a-malloc.o) (_free_r)
/opt/st/stm32cubeide_1.3.0/plugins/com.st.stm32cube.ide.mcu.externaltools.gnu-tools-for-stm32.7-2018-q2-update.linux64_1.0.0.201904181610/tools/bin/../lib/gcc/arm-none-eabi/7.3.1/../../../../arm-none-eabi/lib/thumb/v7e-m/fpv4-sp/hard/libc_nano.a(lib_a-nano-mallocr.o)
                              /opt/st/stm32cubeide_1.3.0/plugins/com.st.stm32cube.ide.mcu.externaltools.gnu-tools-for-stm32.7-2018-q2-update.linux64_1.0.0.201904181610/tools/bin/../lib/gcc/arm-none-eabi/7.3.1/../../../../arm-none-eabi/lib/thumb/v7e-m/fpv4-sp/hard/libc_nano.a(lib_a-malloc.o) (_malloc_r)
/opt/st/stm32cubeide_1.3.0/plugins/com.st.stm32cube.ide.mcu.externaltools.gnu-tools-for-stm32.7-2018-q2-update.linux64_1.0.0.201904181610/tools/bin/../lib/gcc/arm-none-eabi/7.3.1/../../../../arm-none-eabi/lib/thumb/v7e-m/fpv4-sp/hard/libc_nano.a(lib_a-sbrkr.o)
                              /opt/st/stm32cubeide_1.3.0/plugins/com.st.stm32cube.ide.mcu.externaltools.gnu-tools-for-stm32.7-2018-q2-update.linux64_1.0.0.201904181610/tools/bin/../lib/gcc/arm-none-eabi/7.3.1/../../../../arm-none-eabi/lib/thumb/v7e-m/fpv4-sp/hard/libc_nano.a(lib_a-nano-mallocr.o) (_sbrk_r)
/opt/st/stm32cubeide_1.3.0/plugins/com.st.stm32cube.ide.mcu.externaltools.gnu-tools-for-stm32.7-2018-q2-update.linux64_1.0.0.201904181610/tools/bin/../lib/gcc/arm-none-eabi/7.3.1/../../../../arm-none-eabi/lib/thumb/v7e-m/fpv4-sp/hard/libc_nano.a(lib_a-mlock.o)
[...]
Memory Configuration

Name             Origin             Length             Attributes
CCMRAM           0x0000000010000000 0x0000000000010000 xrw
RAM              0x0000000020000000 0x0000000000020000 xrw
FLASH            0x0000000008000000 0x0000000000100000 xr
*default*        0x0000000000000000 0xffffffffffffffff

Linker script and memory map

LOAD /opt/st/stm32cubeide_1.3.0/plugins/com.st.stm32cube.ide.mcu.externaltools.gnu-tools-for-stm32.7-2018-q2-update.linux64_1.0.0.201904181610/tools/bin/../lib/gcc/arm-none-eabi/7.3.1/thumb/v7e-m/fpv4-sp/hard/crti.o
LOAD /opt/st/stm32cubeide_1.3.0/plugins/com.st.stm32cube.ide.mcu.externaltools.gnu-tools-for-stm32.7-2018-q2-update.linux64_1.0.0.201904181610/tools/bin/../lib/gcc/arm-none-eabi/7.3.1/thumb/v7e-m/fpv4-sp/hard/crtbegin.o
LOAD /opt/st/stm32cubeide_1.3.0/plugins/com.st.stm32cube.ide.mcu.externaltools.gnu-tools-for-stm32.7-2018-q2-update.linux64_1.0.0.201904181610/tools/bin/../lib/gcc/arm-none-eabi/7.3.1/../../../../arm-none-eabi/lib/thumb/v7e-m/fpv4-sp/hard/crt0.o
LOAD Core/Src/main.o
LOAD Core/Src/stm32f4xx_hal_msp.o
LOAD Core/Src/stm32f4xx_it.o
LOAD Core/Src/syscalls.o
LOAD Core/Src/sysmem.o
LOAD Core/Src/system_stm32f4xx.o
LOAD Core/Startup/startup_stm32f407vgtx.o
LOAD Drivers/STM32F4xx_HAL_Driver/stm32f4xx_hal.o
LOAD Drivers/STM32F4xx_HAL_Driver/stm32f4xx_hal_cortex.o
LOAD Drivers/STM32F4xx_HAL_Driver/stm32f4xx_hal_dma.o
LOAD Drivers/STM32F4xx_HAL_Driver/stm32f4xx_hal_dma_ex.o
LOAD Drivers/STM32F4xx_HAL_Driver/stm32f4xx_hal_exti.o
LOAD Drivers/STM32F4xx_HAL_Driver/stm32f4xx_hal_flash.o
LOAD Drivers/STM32F4xx_HAL_Driver/stm32f4xx_hal_flash_ex.o
LOAD Drivers/STM32F4xx_HAL_Driver/stm32f4xx_hal_flash_ramfunc.o
LOAD Drivers/STM32F4xx_HAL_Driver/stm32f4xx_hal_gpio.o
LOAD Drivers/STM32F4xx_HAL_Driver/stm32f4xx_hal_hcd.o
LOAD Drivers/STM32F4xx_HAL_Driver/stm32f4xx_hal_i2c.o
LOAD Drivers/STM32F4xx_HAL_Driver/stm32f4xx_hal_i2c_ex.o
LOAD Drivers/STM32F4xx_HAL_Driver/stm32f4xx_hal_i2s.o
LOAD Drivers/STM32F4xx_HAL_Driver/stm32f4xx_hal_i2s_ex.o
LOAD Drivers/STM32F4xx_HAL_Driver/stm32f4xx_hal_pwr.o
LOAD Drivers/STM32F4xx_HAL_Driver/stm32f4xx_hal_pwr_ex.o
LOAD Drivers/STM32F4xx_HAL_Driver/stm32f4xx_hal_rcc.o
LOAD Drivers/STM32F4xx_HAL_Driver/stm32f4xx_hal_rcc_ex.o
LOAD Drivers/STM32F4xx_HAL_Driver/stm32f4xx_hal_spi.o
LOAD Drivers/STM32F4xx_HAL_Driver/stm32f4xx_hal_tim.o
LOAD Drivers/STM32F4xx_HAL_Driver/stm32f4xx_hal_tim_ex.o
LOAD Drivers/STM32F4xx_HAL_Driver/stm32f4xx_ll_usb.o
LOAD Middlewares/USB_Host_Library/usbh_cdc.o
LOAD Middlewares/USB_Host_Library/usbh_core.o
LOAD Middlewares/USB_Host_Library/usbh_ctlreq.o
LOAD Middlewares/USB_Host_Library/usbh_ioreq.o
LOAD Middlewares/USB_Host_Library/usbh_pipes.o
LOAD USB_HOST/App/usb_host.o
LOAD USB_HOST/Target/usbh_conf.o
LOAD USB_HOST/Target/usbh_platform.o
START GROUP
LOAD /opt/st/stm32cubeide_1.3.0/plugins/com.st.stm32cube.ide.mcu.externaltools.gnu-tools-for-stm32.7-2018-q2-update.linux64_1.0.0.201904181610/tools/bin/../lib/gcc/arm-none-eabi/7.3.1/../../../../arm-none-eabi/lib/thumb/v7e-m/fpv4-sp/hard/libc_nano.a
LOAD /opt/st/stm32cubeide_1.3.0/plugins/com.st.stm32cube.ide.mcu.externaltools.gnu-tools-for-stm32.7-2018-q2-update.linux64_1.0.0.201904181610/tools/bin/../lib/gcc/arm-none-eabi/7.3.1/../../../../arm-none-eabi/lib/thumb/v7e-m/fpv4-sp/hard/libm.a
END GROUP
START GROUP
LOAD /opt/st/stm32cubeide_1.3.0/plugins/com.st.stm32cube.ide.mcu.externaltools.gnu-tools-for-stm32.7-2018-q2-update.linux64_1.0.0.201904181610/tools/bin/../lib/gcc/arm-none-eabi/7.3.1/thumb/v7e-m/fpv4-sp/hard/libgcc.a
LOAD /opt/st/stm32cubeide_1.3.0/plugins/com.st.stm32cube.ide.mcu.externaltools.gnu-tools-for-stm32.7-2018-q2-update.linux64_1.0.0.201904181610/tools/bin/../lib/gcc/arm-none-eabi/7.3.1/../../../../arm-none-eabi/lib/thumb/v7e-m/fpv4-sp/hard/libc_nano.a
END GROUP
START GROUP
LOAD /opt/st/stm32cubeide_1.3.0/plugins/com.st.stm32cube.ide.mcu.externaltools.gnu-tools-for-stm32.7-2018-q2-update.linux64_1.0.0.201904181610/tools/bin/../lib/gcc/arm-none-eabi/7.3.1/thumb/v7e-m/fpv4-sp/hard/libgcc.a
LOAD /opt/st/stm32cubeide_1.3.0/plugins/com.st.stm32cube.ide.mcu.externaltools.gnu-tools-for-stm32.7-2018-q2-update.linux64_1.0.0.201904181610/tools/bin/../lib/gcc/arm-none-eabi/7.3.1/../../../../arm-none-eabi/lib/thumb/v7e-m/fpv4-sp/hard/libc_nano.a
LOAD /opt/st/stm32cubeide_1.3.0/plugins/com.st.stm32cube.ide.mcu.externaltools.gnu-tools-for-stm32.7-2018-q2-update.linux64_1.0.0.201904181610/tools/bin/../lib/gcc/arm-none-eabi/7.3.1/../../../../arm-none-eabi/lib/thumb/v7e-m/fpv4-sp/hard/libnosys.a
END GROUP
START GROUP
LOAD /opt/st/stm32cubeide_1.3.0/plugins/com.st.stm32cube.ide.mcu.externaltools.gnu-tools-for-stm32.7-2018-q2-update.linux64_1.0.0.201904181610/tools/bin/../lib/gcc/arm-none-eabi/7.3.1/thumb/v7e-m/fpv4-sp/hard/libgcc.a
LOAD /opt/st/stm32cubeide_1.3.0/plugins/com.st.stm32cube.ide.mcu.externaltools.gnu-tools-for-stm32.7-2018-q2-update.linux64_1.0.0.201904181610/tools/bin/../lib/gcc/arm-none-eabi/7.3.1/../../../../arm-none-eabi/lib/thumb/v7e-m/fpv4-sp/hard/libc_nano.a
LOAD /opt/st/stm32cubeide_1.3.0/plugins/com.st.stm32cube.ide.mcu.externaltools.gnu-tools-for-stm32.7-2018-q2-update.linux64_1.0.0.201904181610/tools/bin/../lib/gcc/arm-none-eabi/7.3.1/../../../../arm-none-eabi/lib/thumb/v7e-m/fpv4-sp/hard/libnosys.a
END GROUP
LOAD /opt/st/stm32cubeide_1.3.0/plugins/com.st.stm32cube.ide.mcu.externaltools.gnu-tools-for-stm32.7-2018-q2-update.linux64_1.0.0.201904181610/tools/bin/../lib/gcc/arm-none-eabi/7.3.1/thumb/v7e-m/fpv4-sp/hard/crtend.o
LOAD /opt/st/stm32cubeide_1.3.0/plugins/com.st.stm32cube.ide.mcu.externaltools.gnu-tools-for-stm32.7-2018-q2-update.linux64_1.0.0.201904181610/tools/bin/../lib/gcc/arm-none-eabi/7.3.1/thumb/v7e-m/fpv4-sp/hard/crtn.o
                0x0000000020020000                _estack = (ORIGIN (RAM) + LENGTH (RAM))
                0x0000000000000200                _Min_Heap_Size = 0x200
                0x0000000000000400                _Min_Stack_Size = 0x400

.isr_vector     0x0000000008000000      0x188
                0x0000000008000000                . = ALIGN (0x4)
 *(.isr_vector)
 .isr_vector    0x0000000008000000      0x188 Core/Startup/startup_stm32f407vgtx.o
                0x0000000008000000                g_pfnVectors
                0x0000000008000188                . = ALIGN (0x4)

.text           0x0000000008000188     0x78c8
                0x0000000008000188                . = ALIGN (0x4)
 *(.text)
 .text          0x0000000008000188       0x40 /opt/st/stm32cubeide_1.3.0/plugins/com.st.stm32cube.ide.mcu.externaltools.gnu-tools-for-stm32.7-2018-q2-update.linux64_1.0.0.201904181610/tools/bin/../lib/gcc/arm-none-eabi/7.3.1/thumb/v7e-m/fpv4-sp/hard/crtbegin.o
 .text          0x00000000080001c8       0x30 /opt/st/stm32cubeide_1.3.0/plugins/com.st.stm32cube.ide.mcu.externaltools.gnu-tools-for-stm32.7-2018-q2-update.linux64_1.0.0.201904181610/tools/bin/../lib/gcc/arm-none-eabi/7.3.1/thumb/v7e-m/fpv4-sp/hard/libgcc.a(_aeabi_uldivmod.o)
                0x00000000080001c8                __aeabi_uldivmod
 .text          0x00000000080001f8      0x2cc /opt/st/stm32cubeide_1.3.0/plugins/com.st.stm32cube.ide.mcu.externaltools.gnu-tools-for-stm32.7-2018-q2-update.linux64_1.0.0.201904181610/tools/bin/../lib/gcc/arm-none-eabi/7.3.1/thumb/v7e-m/fpv4-sp/hard/libgcc.a(_udivmoddi4.o)
                0x00000000080001f8                __udivmoddi4
 .text          0x00000000080004c4        0x4 /opt/st/stm32cubeide_1.3.0/plugins/com.st.stm32cube.ide.mcu.externaltools.gnu-tools-for-stm32.7-2018-q2-update.linux64_1.0.0.201904181610/tools/bin/../lib/gcc/arm-none-eabi/7.3.1/thumb/v7e-m/fpv4-sp/hard/libgcc.a(_dvmd_tls.o)
                0x00000000080004c4                __aeabi_ldiv0
                0x00000000080004c4                __aeabi_idiv0
 *(.text*)
 .text.main     0x00000000080004c8       0x9c Core/Src/main.o
                0x00000000080004c8                main
 .text.SystemClock_Config
                0x0000000008000564      0x104 Core/Src/main.o
                0x0000000008000564                SystemClock_Config
 .text.MX_I2C1_Init
                0x0000000008000668       0x5c Core/Src/main.o
 .text.MX_GPIO_Init
                0x00000000080006c4      0x1fc Core/Src/main.o
 .text.Error_Handler
                0x00000000080008c0       0x14 Core/Src/main.o
                0x00000000080008c0                Error_Handler
 .text.HAL_MspInit
                0x00000000080008d4       0x50 Core/Src/stm32f4xx_hal_msp.o
                0x00000000080008d4                HAL_MspInit
 .text.HAL_I2C_MspInit
                0x0000000008000924       0xb0 Core/Src/stm32f4xx_hal_msp.o
                0x0000000008000924                HAL_I2C_MspInit
 .text.NMI_Handler
                0x00000000080009d4        0xe Core/Src/stm32f4xx_it.o
                0x00000000080009d4                NMI_Handler
 .text.HardFault_Handler
                0x00000000080009e2        0x6 Core/Src/stm32f4xx_it.o
                0x00000000080009e2                HardFault_Handler
 .text.MemManage_Handler
                0x00000000080009e8        0x6 Core/Src/stm32f4xx_it.o
                0x00000000080009e8                MemManage_Handler
 .text.BusFault_Handler
                0x00000000080009ee        0x6 Core/Src/stm32f4xx_it.o
                0x00000000080009ee                BusFault_Handler
 .text.UsageFault_Handler
                0x00000000080009f4        0x6 Core/Src/stm32f4xx_it.o
                0x00000000080009f4                UsageFault_Handler
 .text.SVC_Handler
                0x00000000080009fa        0xe Core/Src/stm32f4xx_it.o
                0x00000000080009fa                SVC_Handler
 .text.DebugMon_Handler
                0x0000000008000a08        0xe Core/Src/stm32f4xx_it.o
                0x0000000008000a08                DebugMon_Handler
 .text.PendSV_Handler
                0x0000000008000a16        0xe Core/Src/stm32f4xx_it.o
                0x0000000008000a16                PendSV_Handler
 .text.SysTick_Handler
                0x0000000008000a24        0xc Core/Src/stm32f4xx_it.o
                0x0000000008000a24                SysTick_Handler
 .text.OTG_FS_IRQHandler
                0x0000000008000a30       0x14 Core/Src/stm32f4xx_it.o
                0x0000000008000a30                OTG_FS_IRQHandler
 .text._sbrk    0x0000000008000a44       0x58 Core/Src/sysmem.o
                0x0000000008000a44                _sbrk
 .text.SystemInit
                0x0000000008000a9c       0x2c Core/Src/system_stm32f4xx.o
                0x0000000008000a9c                SystemInit
 .text.Reset_Handler
                0x0000000008000ac8       0x50 Core/Startup/startup_stm32f407vgtx.o
                0x0000000008000ac8                Reset_Handler
 .text.Default_Handler
                0x0000000008000b18        0x2 Core/Startup/startup_stm32f407vgtx.o
                0x0000000008000b18                RTC_Alarm_IRQHandler
                0x0000000008000b18                HASH_RNG_IRQHandler
                0x0000000008000b18                EXTI2_IRQHandler
                0x0000000008000b18                TIM8_CC_IRQHandler
                0x0000000008000b18                TIM1_CC_IRQHandler
                0x0000000008000b18                DMA2_Stream5_IRQHandler
                0x0000000008000b18                DMA1_Stream5_IRQHandler
                0x0000000008000b18                PVD_IRQHandler
                0x0000000008000b18                SDIO_IRQHandler
                0x0000000008000b18                TAMP_STAMP_IRQHandler
                0x0000000008000b18                CAN2_RX1_IRQHandler
                0x0000000008000b18                EXTI3_IRQHandler
                0x0000000008000b18                TIM8_TRG_COM_TIM14_IRQHandler
                0x0000000008000b18                TIM1_UP_TIM10_IRQHandler
                0x0000000008000b18                TIM8_UP_TIM13_IRQHandler
                0x0000000008000b18                I2C3_ER_IRQHandler
                0x0000000008000b18                EXTI0_IRQHandler
                0x0000000008000b18                I2C2_EV_IRQHandler
                0x0000000008000b18                DMA1_Stream2_IRQHandler
                0x0000000008000b18                CAN1_RX0_IRQHandler
                0x0000000008000b18                FPU_IRQHandler
                0x0000000008000b18                OTG_HS_WKUP_IRQHandler
                0x0000000008000b18                CAN2_SCE_IRQHandler
                0x0000000008000b18                DMA2_Stream2_IRQHandler
                0x0000000008000b18                SPI1_IRQHandler
                0x0000000008000b18                TIM6_DAC_IRQHandler
                0x0000000008000b18                TIM1_BRK_TIM9_IRQHandler
                0x0000000008000b18                DCMI_IRQHandler
                0x0000000008000b18                CAN2_RX0_IRQHandler
                0x0000000008000b18                DMA2_Stream3_IRQHandler
                0x0000000008000b18                USART6_IRQHandler
                0x0000000008000b18                USART3_IRQHandler
                0x0000000008000b18                CAN1_RX1_IRQHandler
                0x0000000008000b18                UART5_IRQHandler
                0x0000000008000b18                DMA2_Stream0_IRQHandler
                0x0000000008000b18                TIM4_IRQHandler
                0x0000000008000b18                I2C1_EV_IRQHandler
                0x0000000008000b18                DMA1_Stream6_IRQHandler
                0x0000000008000b18                DMA1_Stream1_IRQHandler
                0x0000000008000b18                UART4_IRQHandler
                0x0000000008000b18                TIM3_IRQHandler
                0x0000000008000b18                RCC_IRQHandler
                0x0000000008000b18                TIM8_BRK_TIM12_IRQHandler
                0x0000000008000b18                Default_Handler
                0x0000000008000b18                EXTI15_10_IRQHandler
                0x0000000008000b18                ADC_IRQHandler
                0x0000000008000b18                DMA1_Stream7_IRQHandler
                0x0000000008000b18                TIM7_IRQHandler
                0x0000000008000b18                CAN2_TX_IRQHandler
                0x0000000008000b18                TIM5_IRQHandler
                0x0000000008000b18                DMA2_Stream7_IRQHandler
                0x0000000008000b18                I2C3_EV_IRQHandler
                0x0000000008000b18                EXTI9_5_IRQHandler
                0x0000000008000b18                RTC_WKUP_IRQHandler
                0x0000000008000b18                ETH_WKUP_IRQHandler
                0x0000000008000b18                SPI2_IRQHandler
                0x0000000008000b18                OTG_HS_EP1_IN_IRQHandler
                0x0000000008000b18                DMA1_Stream0_IRQHandler
                0x0000000008000b18                CAN1_TX_IRQHandler
                0x0000000008000b18                EXTI4_IRQHandler
                0x0000000008000b18                FSMC_IRQHandler
                0x0000000008000b18                ETH_IRQHandler
                0x0000000008000b18                OTG_HS_EP1_OUT_IRQHandler
                0x0000000008000b18                WWDG_IRQHandler
                0x0000000008000b18                TIM2_IRQHandler
                0x0000000008000b18                OTG_FS_WKUP_IRQHandler
                0x0000000008000b18                TIM1_TRG_COM_TIM11_IRQHandler
                0x0000000008000b18                OTG_HS_IRQHandler
                0x0000000008000b18                EXTI1_IRQHandler
                0x0000000008000b18                USART2_IRQHandler
                0x0000000008000b18                I2C2_ER_IRQHandler
                0x0000000008000b18                DMA2_Stream1_IRQHandler
                0x0000000008000b18                CAN1_SCE_IRQHandler
                0x0000000008000b18                FLASH_IRQHandler
                0x0000000008000b18                DMA2_Stream4_IRQHandler
                0x0000000008000b18                USART1_IRQHandler
                0x0000000008000b18                SPI3_IRQHandler
                0x0000000008000b18                DMA1_Stream4_IRQHandler
                0x0000000008000b18                I2C1_ER_IRQHandler
                0x0000000008000b18                DMA2_Stream6_IRQHandler
                0x0000000008000b18                DMA1_Stream3_IRQHandler
 *fill*         0x0000000008000b1a        0x2 
 .text.HAL_Init
                0x0000000008000b1c       0x44 Drivers/STM32F4xx_HAL_Driver/stm32f4xx_hal.o
                0x0000000008000b1c                HAL_Init
 .text.HAL_InitTick
                0x0000000008000b60       0x60 Drivers/STM32F4xx_HAL_Driver/stm32f4xx_hal.o
                0x0000000008000b60                HAL_InitTick
 .text.HAL_IncTick
                0x0000000008000bc0       0x28 Drivers/STM32F4xx_HAL_Driver/stm32f4xx_hal.o
                0x0000000008000bc0                HAL_IncTick
 .text.HAL_GetTick
                0x0000000008000be8       0x18 Drivers/STM32F4xx_HAL_Driver/stm32f4xx_hal.o
                0x0000000008000be8                HAL_GetTick
 .text.HAL_Delay
                0x0000000008000c00       0x44 Drivers/STM32F4xx_HAL_Driver/stm32f4xx_hal.o
                0x0000000008000c00                HAL_Delay
 .text.__NVIC_SetPriorityGrouping
                0x0000000008000c44       0x48 Drivers/STM32F4xx_HAL_Driver/stm32f4xx_hal_cortex.o
 .text.__NVIC_GetPriorityGrouping
                0x0000000008000c8c       0x1c Drivers/STM32F4xx_HAL_Driver/stm32f4xx_hal_cortex.o
 .text.__NVIC_EnableIRQ
                0x0000000008000ca8       0x3c Drivers/STM32F4xx_HAL_Driver/stm32f4xx_hal_cortex.o
 .text.__NVIC_SetPriority
                0x0000000008000ce4       0x54 Drivers/STM32F4xx_HAL_Driver/stm32f4xx_hal_cortex.o
 .text.NVIC_EncodePriority
                0x0000000008000d38       0x66 Drivers/STM32F4xx_HAL_Driver/stm32f4xx_hal_cortex.o
 *fill*         0x0000000008000d9e        0x2 
 .text.SysTick_Config
                0x0000000008000da0       0x44 Drivers/STM32F4xx_HAL_Driver/stm32f4xx_hal_cortex.o
 .text.HAL_NVIC_SetPriorityGrouping
                0x0000000008000de4       0x16 Drivers/STM32F4xx_HAL_Driver/stm32f4xx_hal_cortex.o
                0x0000000008000de4                HAL_NVIC_SetPriorityGrouping
 .text.HAL_NVIC_SetPriority
                0x0000000008000dfa       0x38 Drivers/STM32F4xx_HAL_Driver/stm32f4xx_hal_cortex.o
                0x0000000008000dfa                HAL_NVIC_SetPriority
 .text.HAL_NVIC_EnableIRQ
                0x0000000008000e32       0x1c Drivers/STM32F4xx_HAL_Driver/stm32f4xx_hal_cortex.o
                0x0000000008000e32                HAL_NVIC_EnableIRQ
 .text.HAL_SYSTICK_Config
                0x0000000008000e4e       0x18 Drivers/STM32F4xx_HAL_Driver/stm32f4xx_hal_cortex.o
                0x0000000008000e4e                HAL_SYSTICK_Config
 *fill*         0x0000000008000e66        0x2 
 .text.HAL_GPIO_Init
                0x0000000008000e68      0x334 Drivers/STM32F4xx_HAL_Driver/stm32f4xx_hal_gpio.o
                0x0000000008000e68                HAL_GPIO_Init
 .text.HAL_GPIO_WritePin
                0x000000000800119c       0x32 Drivers/STM32F4xx_HAL_Driver/stm32f4xx_hal_gpio.o
                0x000000000800119c                HAL_GPIO_WritePin
 .text.HAL_GPIO_TogglePin
                0x00000000080011ce       0x36 Drivers/STM32F4xx_HAL_Driver/stm32f4xx_hal_gpio.o
                0x00000000080011ce                HAL_GPIO_TogglePin
 .text.HAL_HCD_Init
                0x0000000008001204       0xc4 Drivers/STM32F4xx_HAL_Driver/stm32f4xx_hal_hcd.o
                0x0000000008001204                HAL_HCD_Init
 .text.HAL_HCD_HC_Init
                0x00000000080012c8      0x130 Drivers/STM32F4xx_HAL_Driver/stm32f4xx_hal_hcd.o
                0x00000000080012c8                HAL_HCD_HC_Init
 .text.HAL_HCD_HC_Halt
                0x00000000080013f8       0x46 Drivers/STM32F4xx_HAL_Driver/stm32f4xx_hal_hcd.o
                0x00000000080013f8                HAL_HCD_HC_Halt
 *fill*         0x000000000800143e        0x2 
 .text.HAL_HCD_HC_SubmitRequest
                0x0000000008001440      0x2e4 Drivers/STM32F4xx_HAL_Driver/stm32f4xx_hal_hcd.o
                0x0000000008001440                HAL_HCD_HC_SubmitRequest
 .text.HAL_HCD_IRQHandler
                0x0000000008001724      0x208 Drivers/STM32F4xx_HAL_Driver/stm32f4xx_hal_hcd.o
                0x0000000008001724                HAL_HCD_IRQHandler
 .text.HAL_HCD_Start
                0x000000000800192c       0x46 Drivers/STM32F4xx_HAL_Driver/stm32f4xx_hal_hcd.o
                0x000000000800192c                HAL_HCD_Start
 .text.HAL_HCD_Stop
                0x0000000008001972       0x3a Drivers/STM32F4xx_HAL_Driver/stm32f4xx_hal_hcd.o
                0x0000000008001972                HAL_HCD_Stop
 .text.HAL_HCD_ResetPort
                0x00000000080019ac       0x1c Drivers/STM32F4xx_HAL_Driver/stm32f4xx_hal_hcd.o
                0x00000000080019ac                HAL_HCD_ResetPort
 .text.HAL_HCD_HC_GetURBState
                0x00000000080019c8       0x2a Drivers/STM32F4xx_HAL_Driver/stm32f4xx_hal_hcd.o
                0x00000000080019c8                HAL_HCD_HC_GetURBState
 .text.HAL_HCD_HC_GetXferCount
                0x00000000080019f2       0x2a Drivers/STM32F4xx_HAL_Driver/stm32f4xx_hal_hcd.o
                0x00000000080019f2                HAL_HCD_HC_GetXferCount
 .text.HAL_HCD_GetCurrentFrame
                0x0000000008001a1c       0x1c Drivers/STM32F4xx_HAL_Driver/stm32f4xx_hal_hcd.o
                0x0000000008001a1c                HAL_HCD_GetCurrentFrame
 .text.HAL_HCD_GetCurrentSpeed
                0x0000000008001a38       0x1c Drivers/STM32F4xx_HAL_Driver/stm32f4xx_hal_hcd.o
                0x0000000008001a38                HAL_HCD_GetCurrentSpeed
 .text.HCD_HC_IN_IRQHandler
                0x0000000008001a54      0x86a Drivers/STM32F4xx_HAL_Driver/stm32f4xx_hal_hcd.o
 .text.HCD_HC_OUT_IRQHandler
                0x00000000080022be      0x6ea Drivers/STM32F4xx_HAL_Driver/stm32f4xx_hal_hcd.o
 .text.HCD_RXQLVL_IRQHandler
                0x00000000080029a8      0x158 Drivers/STM32F4xx_HAL_Driver/stm32f4xx_hal_hcd.o
 .text.HCD_Port_IRQHandler
                0x0000000008002b00       0xe6 Drivers/STM32F4xx_HAL_Driver/stm32f4xx_hal_hcd.o
 *fill*         0x0000000008002be6        0x2 
 .text.HAL_I2C_Init
                0x0000000008002be8      0x270 Drivers/STM32F4xx_HAL_Driver/stm32f4xx_hal_i2c.o
                0x0000000008002be8                HAL_I2C_Init
 .text.HAL_I2C_Mem_Write
                0x0000000008002e58      0x1f4 Drivers/STM32F4xx_HAL_Driver/stm32f4xx_hal_i2c.o
                0x0000000008002e58                HAL_I2C_Mem_Write
 .text.HAL_I2C_Mem_Read
                0x000000000800304c      0x44c Drivers/STM32F4xx_HAL_Driver/stm32f4xx_hal_i2c.o
                0x000000000800304c                HAL_I2C_Mem_Read
 .text.I2C_RequestMemoryWrite
                0x0000000008003498      0x128 Drivers/STM32F4xx_HAL_Driver/stm32f4xx_hal_i2c.o
 .text.I2C_RequestMemoryRead
                0x00000000080035c0      0x1cc Drivers/STM32F4xx_HAL_Driver/stm32f4xx_hal_i2c.o
 .text.I2C_WaitOnFlagUntilTimeout
                0x000000000800378c       0xae Drivers/STM32F4xx_HAL_Driver/stm32f4xx_hal_i2c.o
 .text.I2C_WaitOnMasterAddressFlagUntilTimeout
                0x000000000800383a       0xfe Drivers/STM32F4xx_HAL_Driver/stm32f4xx_hal_i2c.o
 .text.I2C_WaitOnTXEFlagUntilTimeout
                0x0000000008003938       0x82 Drivers/STM32F4xx_HAL_Driver/stm32f4xx_hal_i2c.o
 .text.I2C_WaitOnBTFFlagUntilTimeout
                0x00000000080039ba       0x82 Drivers/STM32F4xx_HAL_Driver/stm32f4xx_hal_i2c.o
 .text.I2C_WaitOnRXNEFlagUntilTimeout
                0x0000000008003a3c       0xac Drivers/STM32F4xx_HAL_Driver/stm32f4xx_hal_i2c.o
 .text.I2C_IsAcknowledgeFailed
                0x0000000008003ae8       0x5e Drivers/STM32F4xx_HAL_Driver/stm32f4xx_hal_i2c.o
 *fill*         0x0000000008003b46        0x2 
 .text.HAL_RCC_OscConfig
                0x0000000008003b48      0x4e0 Drivers/STM32F4xx_HAL_Driver/stm32f4xx_hal_rcc.o
                0x0000000008003b48                HAL_RCC_OscConfig
 .text.HAL_RCC_ClockConfig
                0x0000000008004028      0x1cc Drivers/STM32F4xx_HAL_Driver/stm32f4xx_hal_rcc.o
                0x0000000008004028                HAL_RCC_ClockConfig
 .text.HAL_RCC_GetSysClockFreq
                0x00000000080041f4      0x1b0 Drivers/STM32F4xx_HAL_Driver/stm32f4xx_hal_rcc.o
                0x00000000080041f4                HAL_RCC_GetSysClockFreq
 .text.HAL_RCC_GetHCLKFreq
                0x00000000080043a4       0x18 Drivers/STM32F4xx_HAL_Driver/stm32f4xx_hal_rcc.o
                0x00000000080043a4                HAL_RCC_GetHCLKFreq
 .text.HAL_RCC_GetPCLK1Freq
                0x00000000080043bc       0x28 Drivers/STM32F4xx_HAL_Driver/stm32f4xx_hal_rcc.o
                0x00000000080043bc                HAL_RCC_GetPCLK1Freq
 .text.HAL_RCCEx_PeriphCLKConfig
                0x00000000080043e4      0x1c4 Drivers/STM32F4xx_HAL_Driver/stm32f4xx_hal_rcc_ex.o
                0x00000000080043e4                HAL_RCCEx_PeriphCLKConfig
 .text.USB_CoreInit
                0x00000000080045a8       0xc2 Drivers/STM32F4xx_HAL_Driver/stm32f4xx_ll_usb.o
                0x00000000080045a8                USB_CoreInit
 .text.USB_EnableGlobalInt
                0x000000000800466a       0x22 Drivers/STM32F4xx_HAL_Driver/stm32f4xx_ll_usb.o
                0x000000000800466a                USB_EnableGlobalInt
 .text.USB_DisableGlobalInt
                0x000000000800468c       0x22 Drivers/STM32F4xx_HAL_Driver/stm32f4xx_ll_usb.o
                0x000000000800468c                USB_DisableGlobalInt
 .text.USB_SetCurrentMode
                0x00000000080046ae       0x54 Drivers/STM32F4xx_HAL_Driver/stm32f4xx_ll_usb.o
                0x00000000080046ae                USB_SetCurrentMode
 *fill*         0x0000000008004702        0x2 
 .text.USB_FlushTxFifo
                0x0000000008004704       0x4c Drivers/STM32F4xx_HAL_Driver/stm32f4xx_ll_usb.o
                0x0000000008004704                USB_FlushTxFifo
 .text.USB_FlushRxFifo
                0x0000000008004750       0x44 Drivers/STM32F4xx_HAL_Driver/stm32f4xx_ll_usb.o
                0x0000000008004750                USB_FlushRxFifo
 .text.USB_WritePacket
                0x0000000008004794       0x6a Drivers/STM32F4xx_HAL_Driver/stm32f4xx_ll_usb.o
                0x0000000008004794                USB_WritePacket
 .text.USB_ReadPacket
                0x00000000080047fe       0x52 Drivers/STM32F4xx_HAL_Driver/stm32f4xx_ll_usb.o
                0x00000000080047fe                USB_ReadPacket
 .text.USB_ReadInterrupts
                0x0000000008004850       0x26 Drivers/STM32F4xx_HAL_Driver/stm32f4xx_ll_usb.o
                0x0000000008004850                USB_ReadInterrupts
 .text.USB_GetMode
                0x0000000008004876       0x1c Drivers/STM32F4xx_HAL_Driver/stm32f4xx_ll_usb.o
                0x0000000008004876                USB_GetMode
 *fill*         0x0000000008004892        0x2 
 .text.USB_CoreReset
                0x0000000008004894       0x68 Drivers/STM32F4xx_HAL_Driver/stm32f4xx_ll_usb.o
 .text.USB_HostInit
                0x00000000080048fc      0x178 Drivers/STM32F4xx_HAL_Driver/stm32f4xx_ll_usb.o
                0x00000000080048fc                USB_HostInit
 .text.USB_InitFSLSPClkSel
                0x0000000008004a74       0x74 Drivers/STM32F4xx_HAL_Driver/stm32f4xx_ll_usb.o
                0x0000000008004a74                USB_InitFSLSPClkSel
 .text.USB_ResetPort
                0x0000000008004ae8       0x54 Drivers/STM32F4xx_HAL_Driver/stm32f4xx_ll_usb.o
                0x0000000008004ae8                USB_ResetPort
 .text.USB_DriveVbus
                0x0000000008004b3c       0x72 Drivers/STM32F4xx_HAL_Driver/stm32f4xx_ll_usb.o
                0x0000000008004b3c                USB_DriveVbus
 .text.USB_GetHostSpeed
                0x0000000008004bae       0x2e Drivers/STM32F4xx_HAL_Driver/stm32f4xx_ll_usb.o
                0x0000000008004bae                USB_GetHostSpeed
 .text.USB_GetCurrentFrame
                0x0000000008004bdc       0x22 Drivers/STM32F4xx_HAL_Driver/stm32f4xx_ll_usb.o
                0x0000000008004bdc                USB_GetCurrentFrame
 *fill*         0x0000000008004bfe        0x2 
 .text.USB_HC_Init
                0x0000000008004c00      0x214 Drivers/STM32F4xx_HAL_Driver/stm32f4xx_ll_usb.o
                0x0000000008004c00                USB_HC_Init
 .text.USB_HC_StartXfer
                0x0000000008004e14      0x288 Drivers/STM32F4xx_HAL_Driver/stm32f4xx_ll_usb.o
                0x0000000008004e14                USB_HC_StartXfer
 .text.USB_HC_ReadInterrupt
                0x000000000800509c       0x22 Drivers/STM32F4xx_HAL_Driver/stm32f4xx_ll_usb.o
                0x000000000800509c                USB_HC_ReadInterrupt
 .text.USB_HC_Halt
                0x00000000080050be      0x1fe Drivers/STM32F4xx_HAL_Driver/stm32f4xx_ll_usb.o
                0x00000000080050be                USB_HC_Halt
 .text.USB_DoPing
                0x00000000080052bc       0x78 Drivers/STM32F4xx_HAL_Driver/stm32f4xx_ll_usb.o
                0x00000000080052bc                USB_DoPing
 .text.USB_StopHost
                0x0000000008005334      0x10c Drivers/STM32F4xx_HAL_Driver/stm32f4xx_ll_usb.o
                0x0000000008005334                USB_StopHost
 .text.USBH_CDC_InterfaceInit
                0x0000000008005440      0x2ac Middlewares/USB_Host_Library/usbh_cdc.o
 .text.USBH_CDC_InterfaceDeInit
                0x00000000080056ec       0xb2 Middlewares/USB_Host_Library/usbh_cdc.o
 .text.USBH_CDC_ClassRequest
                0x000000000800579e       0x3e Middlewares/USB_Host_Library/usbh_cdc.o
 .text.USBH_CDC_Process
                0x00000000080057dc      0x12c Middlewares/USB_Host_Library/usbh_cdc.o
 .text.USBH_CDC_SOFProcess
                0x0000000008005908       0x16 Middlewares/USB_Host_Library/usbh_cdc.o
 .text.GetLineCoding
                0x000000000800591e       0x3e Middlewares/USB_Host_Library/usbh_cdc.o
 .text.SetLineCoding
                0x000000000800595c       0x3e Middlewares/USB_Host_Library/usbh_cdc.o
 .text.CDC_ProcessTransmission
                0x000000000800599a       0xf0 Middlewares/USB_Host_Library/usbh_cdc.o
 .text.CDC_ProcessReception
                0x0000000008005a8a       0xb6 Middlewares/USB_Host_Library/usbh_cdc.o
 .text.USBH_CDC_TransmitCallback
                0x0000000008005b40       0x14 Middlewares/USB_Host_Library/usbh_cdc.o
                0x0000000008005b40                USBH_CDC_TransmitCallback
 .text.USBH_CDC_ReceiveCallback
                0x0000000008005b54       0x14 Middlewares/USB_Host_Library/usbh_cdc.o
                0x0000000008005b54                USBH_CDC_ReceiveCallback
 .text.USBH_CDC_LineCodingChanged
                0x0000000008005b68       0x14 Middlewares/USB_Host_Library/usbh_cdc.o
                0x0000000008005b68                USBH_CDC_LineCodingChanged
 .text.USBH_Init
                0x0000000008005b7c       0x74 Middlewares/USB_Host_Library/usbh_core.o
                0x0000000008005b7c                USBH_Init
 .text.DeInitStateMachine
                0x0000000008005bf0       0xa8 Middlewares/USB_Host_Library/usbh_core.o
 .text.USBH_RegisterClass
                0x0000000008005c98       0x54 Middlewares/USB_Host_Library/usbh_core.o
                0x0000000008005c98                USBH_RegisterClass
 .text.USBH_SelectInterface
                0x0000000008005cec       0x38 Middlewares/USB_Host_Library/usbh_core.o
                0x0000000008005cec                USBH_SelectInterface
 .text.USBH_FindInterface
                0x0000000008005d24       0x8c Middlewares/USB_Host_Library/usbh_core.o
                0x0000000008005d24                USBH_FindInterface
 .text.USBH_Start
                0x0000000008005db0       0x20 Middlewares/USB_Host_Library/usbh_core.o
                0x0000000008005db0                USBH_Start
 .text.USBH_Process
                0x0000000008005dd0      0x3c0 Middlewares/USB_Host_Library/usbh_core.o
                0x0000000008005dd0                USBH_Process
 .text.USBH_HandleEnum
                0x0000000008006190      0x3c8 Middlewares/USB_Host_Library/usbh_core.o
 .text.USBH_LL_SetTimer
                0x0000000008006558       0x1e Middlewares/USB_Host_Library/usbh_core.o
                0x0000000008006558                USBH_LL_SetTimer
 .text.USBH_LL_IncTimer
                0x0000000008006576       0x24 Middlewares/USB_Host_Library/usbh_core.o
                0x0000000008006576                USBH_LL_IncTimer
 .text.USBH_HandleSof
                0x000000000800659a       0x30 Middlewares/USB_Host_Library/usbh_core.o
 .text.USBH_LL_PortEnabled
                0x00000000080065ca       0x1c Middlewares/USB_Host_Library/usbh_core.o
                0x00000000080065ca                USBH_LL_PortEnabled
 .text.USBH_LL_PortDisabled
                0x00000000080065e6       0x1c Middlewares/USB_Host_Library/usbh_core.o
                0x00000000080065e6                USBH_LL_PortDisabled
 .text.USBH_LL_Connect
                0x0000000008006602       0x2e Middlewares/USB_Host_Library/usbh_core.o
                0x0000000008006602                USBH_LL_Connect
 .text.USBH_LL_Disconnect
                0x0000000008006630       0x48 Middlewares/USB_Host_Library/usbh_core.o
                0x0000000008006630                USBH_LL_Disconnect
 .text.USBH_Get_DevDesc
                0x0000000008006678       0x50 Middlewares/USB_Host_Library/usbh_ctlreq.o
                0x0000000008006678                USBH_Get_DevDesc
 .text.USBH_Get_CfgDesc
                0x00000000080066c8       0x48 Middlewares/USB_Host_Library/usbh_ctlreq.o
                0x00000000080066c8                USBH_Get_CfgDesc
 .text.USBH_Get_StringDesc
                0x0000000008006710       0x56 Middlewares/USB_Host_Library/usbh_ctlreq.o
                0x0000000008006710                USBH_Get_StringDesc
 .text.USBH_GetDescriptor
                0x0000000008006766       0x6a Middlewares/USB_Host_Library/usbh_ctlreq.o
                0x0000000008006766                USBH_GetDescriptor
 .text.USBH_SetAddress
                0x00000000080067d0       0x48 Middlewares/USB_Host_Library/usbh_ctlreq.o
                0x00000000080067d0                USBH_SetAddress
 .text.USBH_SetCfg
                0x0000000008006818       0x46 Middlewares/USB_Host_Library/usbh_ctlreq.o
                0x0000000008006818                USBH_SetCfg
 .text.USBH_SetFeature
                0x000000000800685e       0x48 Middlewares/USB_Host_Library/usbh_ctlreq.o
                0x000000000800685e                USBH_SetFeature
 .text.USBH_ClrFeature
                0x00000000080068a6       0x48 Middlewares/USB_Host_Library/usbh_ctlreq.o
                0x00000000080068a6                USBH_ClrFeature
 .text.USBH_ParseDevDesc
                0x00000000080068ee       0xe0 Middlewares/USB_Host_Library/usbh_ctlreq.o
 .text.USBH_ParseCfgDesc
                0x00000000080069ce      0x144 Middlewares/USB_Host_Library/usbh_ctlreq.o
 .text.USBH_ParseInterfaceDesc
                0x0000000008006b12       0x5e Middlewares/USB_Host_Library/usbh_ctlreq.o
 .text.USBH_ParseEPDesc
                0x0000000008006b70       0x5a Middlewares/USB_Host_Library/usbh_ctlreq.o
 .text.USBH_ParseStringDesc
                0x0000000008006bca       0x66 Middlewares/USB_Host_Library/usbh_ctlreq.o
 .text.USBH_GetNextDesc
                0x0000000008006c30       0x36 Middlewares/USB_Host_Library/usbh_ctlreq.o
                0x0000000008006c30                USBH_GetNextDesc
 .text.USBH_CtlReq
                0x0000000008006c66       0x7a Middlewares/USB_Host_Library/usbh_ctlreq.o
                0x0000000008006c66                USBH_CtlReq
 .text.USBH_HandleControl
                0x0000000008006ce0      0x2ec Middlewares/USB_Host_Library/usbh_ctlreq.o
 .text.USBH_CtlSendSetup
                0x0000000008006fcc       0x34 Middlewares/USB_Host_Library/usbh_ioreq.o
                0x0000000008006fcc                USBH_CtlSendSetup
 .text.USBH_CtlSendData
                0x0000000008007000       0x4a Middlewares/USB_Host_Library/usbh_ioreq.o
                0x0000000008007000                USBH_CtlSendData
 .text.USBH_CtlReceiveData
                0x000000000800704a       0x3c Middlewares/USB_Host_Library/usbh_ioreq.o
                0x000000000800704a                USBH_CtlReceiveData
 .text.USBH_BulkSendData
                0x0000000008007086       0x4a Middlewares/USB_Host_Library/usbh_ioreq.o
                0x0000000008007086                USBH_BulkSendData
 .text.USBH_BulkReceiveData
                0x00000000080070d0       0x3c Middlewares/USB_Host_Library/usbh_ioreq.o
                0x00000000080070d0                USBH_BulkReceiveData
 .text.USBH_OpenPipe
                0x000000000800710c       0x3e Middlewares/USB_Host_Library/usbh_pipes.o
                0x000000000800710c                USBH_OpenPipe
 .text.USBH_ClosePipe
                0x000000000800714a       0x20 Middlewares/USB_Host_Library/usbh_pipes.o
                0x000000000800714a                USBH_ClosePipe
 .text.USBH_AllocPipe
                0x000000000800716a       0x42 Middlewares/USB_Host_Library/usbh_pipes.o
                0x000000000800716a                USBH_AllocPipe
 .text.USBH_FreePipe
                0x00000000080071ac       0x3c Middlewares/USB_Host_Library/usbh_pipes.o
                0x00000000080071ac                USBH_FreePipe
 .text.USBH_GetFreePipe
                0x00000000080071e8       0x48 Middlewares/USB_Host_Library/usbh_pipes.o
 .text.MX_USB_HOST_Init
                0x0000000008007230       0x4c USB_HOST/App/usb_host.o
                0x0000000008007230                MX_USB_HOST_Init
 .text.MX_USB_HOST_Process
                0x000000000800727c       0x14 USB_HOST/App/usb_host.o
                0x000000000800727c                MX_USB_HOST_Process
 .text.USBH_UserProcess
                0x0000000008007290       0x5c USB_HOST/App/usb_host.o
 .text.HAL_HCD_MspInit
                0x00000000080072ec       0xc4 USB_HOST/Target/usbh_conf.o
                0x00000000080072ec                HAL_HCD_MspInit
 .text.HAL_HCD_SOF_Callback
                0x00000000080073b0       0x1c USB_HOST/Target/usbh_conf.o
                0x00000000080073b0                HAL_HCD_SOF_Callback
 .text.HAL_HCD_Connect_Callback
                0x00000000080073cc       0x1c USB_HOST/Target/usbh_conf.o
                0x00000000080073cc                HAL_HCD_Connect_Callback
 .text.HAL_HCD_Disconnect_Callback
                0x00000000080073e8       0x1c USB_HOST/Target/usbh_conf.o
                0x00000000080073e8                HAL_HCD_Disconnect_Callback
 .text.HAL_HCD_HC_NotifyURBChange_Callback
                0x0000000008007404       0x1c USB_HOST/Target/usbh_conf.o
                0x0000000008007404                HAL_HCD_HC_NotifyURBChange_Callback
 .text.HAL_HCD_PortEnabled_Callback
                0x0000000008007420       0x1c USB_HOST/Target/usbh_conf.o
                0x0000000008007420                HAL_HCD_PortEnabled_Callback
 .text.HAL_HCD_PortDisabled_Callback
                0x000000000800743c       0x1c USB_HOST/Target/usbh_conf.o
                0x000000000800743c                HAL_HCD_PortDisabled_Callback
 .text.USBH_LL_Init
                0x0000000008007458       0x78 USB_HOST/Target/usbh_conf.o
                0x0000000008007458                USBH_LL_Init
 .text.USBH_LL_Start
                0x00000000080074d0       0x36 USB_HOST/Target/usbh_conf.o
                0x00000000080074d0                USBH_LL_Start
 .text.USBH_LL_Stop
                0x0000000008007506       0x36 USB_HOST/Target/usbh_conf.o
                0x0000000008007506                USBH_LL_Stop
 .text.USBH_LL_GetSpeed
                0x000000000800753c       0x4a USB_HOST/Target/usbh_conf.o
                0x000000000800753c                USBH_LL_GetSpeed
 .text.USBH_LL_ResetPort
                0x0000000008007586       0x36 USB_HOST/Target/usbh_conf.o
                0x0000000008007586                USBH_LL_ResetPort
 .text.USBH_LL_GetLastXferSize
                0x00000000080075bc       0x26 USB_HOST/Target/usbh_conf.o
                0x00000000080075bc                USBH_LL_GetLastXferSize
 .text.USBH_LL_OpenPipe
                0x00000000080075e2       0x5e USB_HOST/Target/usbh_conf.o
                0x00000000080075e2                USBH_LL_OpenPipe
 .text.USBH_LL_ClosePipe
                0x0000000008007640       0x3e USB_HOST/Target/usbh_conf.o
                0x0000000008007640                USBH_LL_ClosePipe
 .text.USBH_LL_SubmitURB
                0x000000000800767e       0x62 USB_HOST/Target/usbh_conf.o
                0x000000000800767e                USBH_LL_SubmitURB
 .text.USBH_LL_GetURBState
                0x00000000080076e0       0x26 USB_HOST/Target/usbh_conf.o
                0x00000000080076e0                USBH_LL_GetURBState
 .text.USBH_LL_DriverVBUS
                0x0000000008007706       0x2e USB_HOST/Target/usbh_conf.o
                0x0000000008007706                USBH_LL_DriverVBUS
 .text.USBH_LL_SetToggle
                0x0000000008007734       0x66 USB_HOST/Target/usbh_conf.o
                0x0000000008007734                USBH_LL_SetToggle
 .text.USBH_Delay
                0x000000000800779a       0x16 USB_HOST/Target/usbh_conf.o
                0x000000000800779a                USBH_Delay
 .text.USBH_Get_USB_Status
                0x00000000080077b0       0x58 USB_HOST/Target/usbh_conf.o
                0x00000000080077b0                USBH_Get_USB_Status
 .text.MX_DriverVbusFS
                0x0000000008007808       0x38 USB_HOST/Target/usbh_platform.o
                0x0000000008007808                MX_DriverVbusFS
 .text.__errno  0x0000000008007840        0xc /opt/st/stm32cubeide_1.3.0/plugins/com.st.stm32cube.ide.mcu.externaltools.gnu-tools-for-stm32.7-2018-q2-update.linux64_1.0.0.201904181610/tools/bin/../lib/gcc/arm-none-eabi/7.3.1/../../../../arm-none-eabi/lib/thumb/v7e-m/fpv4-sp/hard/libc_nano.a(lib_a-errno.o)
                0x0000000008007840                __errno
 .text.__libc_init_array
                0x000000000800784c       0x48 /opt/st/stm32cubeide_1.3.0/plugins/com.st.stm32cube.ide.mcu.externaltools.gnu-tools-for-stm32.7-2018-q2-update.linux64_1.0.0.201904181610/tools/bin/../lib/gcc/arm-none-eabi/7.3.1/../../../../arm-none-eabi/lib/thumb/v7e-m/fpv4-sp/hard/libc_nano.a(lib_a-init.o)
                0x000000000800784c                __libc_init_array
 .text.malloc   0x0000000008007894       0x10 /opt/st/stm32cubeide_1.3.0/plugins/com.st.stm32cube.ide.mcu.externaltools.gnu-tools-for-stm32.7-2018-q2-update.linux64_1.0.0.201904181610/tools/bin/../lib/gcc/arm-none-eabi/7.3.1/../../../../arm-none-eabi/lib/thumb/v7e-m/fpv4-sp/hard/libc_nano.a(lib_a-malloc.o)
                0x0000000008007894                malloc
 .text.free     0x00000000080078a4       0x10 /opt/st/stm32cubeide_1.3.0/plugins/com.st.stm32cube.ide.mcu.externaltools.gnu-tools-for-stm32.7-2018-q2-update.linux64_1.0.0.201904181610/tools/bin/../lib/gcc/arm-none-eabi/7.3.1/../../../../arm-none-eabi/lib/thumb/v7e-m/fpv4-sp/hard/libc_nano.a(lib_a-malloc.o)
                0x00000000080078a4                free
 .text.memset   0x00000000080078b4       0x10 /opt/st/stm32cubeide_1.3.0/plugins/com.st.stm32cube.ide.mcu.externaltools.gnu-tools-for-stm32.7-2018-q2-update.linux64_1.0.0.201904181610/tools/bin/../lib/gcc/arm-none-eabi/7.3.1/../../../../arm-none-eabi/lib/thumb/v7e-m/fpv4-sp/hard/libc_nano.a(lib_a-memset.o)
                0x00000000080078b4                memset
 .text._free_r  0x00000000080078c4       0x9c /opt/st/stm32cubeide_1.3.0/plugins/com.st.stm32cube.ide.mcu.externaltools.gnu-tools-for-stm32.7-2018-q2-update.linux64_1.0.0.201904181610/tools/bin/../lib/gcc/arm-none-eabi/7.3.1/../../../../arm-none-eabi/lib/thumb/v7e-m/fpv4-sp/hard/libc_nano.a(lib_a-nano-freer.o)
                0x00000000080078c4                _free_r
 .text._malloc_r
                0x0000000008007960       0xb4 /opt/st/stm32cubeide_1.3.0/plugins/com.st.stm32cube.ide.mcu.externaltools.gnu-tools-for-stm32.7-2018-q2-update.linux64_1.0.0.201904181610/tools/bin/../lib/gcc/arm-none-eabi/7.3.1/../../../../arm-none-eabi/lib/thumb/v7e-m/fpv4-sp/hard/libc_nano.a(lib_a-nano-mallocr.o)
                0x0000000008007960                _malloc_r
 .text._sbrk_r  0x0000000008007a14       0x20 /opt/st/stm32cubeide_1.3.0/plugins/com.st.stm32cube.ide.mcu.externaltools.gnu-tools-for-stm32.7-2018-q2-update.linux64_1.0.0.201904181610/tools/bin/../lib/gcc/arm-none-eabi/7.3.1/../../../../arm-none-eabi/lib/thumb/v7e-m/fpv4-sp/hard/libc_nano.a(lib_a-sbrkr.o)
                0x0000000008007a14                _sbrk_r
 .text.__malloc_lock
                0x0000000008007a34        0x2 /opt/st/stm32cubeide_1.3.0/plugins/com.st.stm32cube.ide.mcu.externaltools.gnu-tools-for-stm32.7-2018-q2-update.linux64_1.0.0.201904181610/tools/bin/../lib/gcc/arm-none-eabi/7.3.1/../../../../arm-none-eabi/lib/thumb/v7e-m/fpv4-sp/hard/libc_nano.a(lib_a-mlock.o)
                0x0000000008007a34                __malloc_lock
 .text.__malloc_unlock
                0x0000000008007a36        0x2 /opt/st/stm32cubeide_1.3.0/plugins/com.st.stm32cube.ide.mcu.externaltools.gnu-tools-for-stm32.7-2018-q2-update.linux64_1.0.0.201904181610/tools/bin/../lib/gcc/arm-none-eabi/7.3.1/../../../../arm-none-eabi/lib/thumb/v7e-m/fpv4-sp/hard/libc_nano.a(lib_a-mlock.o)
                0x0000000008007a36                __malloc_unlock
 *(.glue_7)
 .glue_7        0x0000000008007a38        0x0 linker stubs
 *(.glue_7t)
 .glue_7t       0x0000000008007a38        0x0 linker stubs
 *(.eh_frame)
 .eh_frame      0x0000000008007a38        0x0 /opt/st/stm32cubeide_1.3.0/plugins/com.st.stm32cube.ide.mcu.externaltools.gnu-tools-for-stm32.7-2018-q2-update.linux64_1.0.0.201904181610/tools/bin/../lib/gcc/arm-none-eabi/7.3.1/thumb/v7e-m/fpv4-sp/hard/crtbegin.o
 *(.init)
 .init          0x0000000008007a38        0x4 /opt/st/stm32cubeide_1.3.0/plugins/com.st.stm32cube.ide.mcu.externaltools.gnu-tools-for-stm32.7-2018-q2-update.linux64_1.0.0.201904181610/tools/bin/../lib/gcc/arm-none-eabi/7.3.1/thumb/v7e-m/fpv4-sp/hard/crti.o
                0x0000000008007a38                _init
 .init          0x0000000008007a3c        0x8 /opt/st/stm32cubeide_1.3.0/plugins/com.st.stm32cube.ide.mcu.externaltools.gnu-tools-for-stm32.7-2018-q2-update.linux64_1.0.0.201904181610/tools/bin/../lib/gcc/arm-none-eabi/7.3.1/thumb/v7e-m/fpv4-sp/hard/crtn.o
 *(.fini)
 .fini          0x0000000008007a44        0x4 /opt/st/stm32cubeide_1.3.0/plugins/com.st.stm32cube.ide.mcu.externaltools.gnu-tools-for-stm32.7-2018-q2-update.linux64_1.0.0.201904181610/tools/bin/../lib/gcc/arm-none-eabi/7.3.1/thumb/v7e-m/fpv4-sp/hard/crti.o
                0x0000000008007a44                _fini
 .fini          0x0000000008007a48        0x8 /opt/st/stm32cubeide_1.3.0/plugins/com.st.stm32cube.ide.mcu.externaltools.gnu-tools-for-stm32.7-2018-q2-update.linux64_1.0.0.201904181610/tools/bin/../lib/gcc/arm-none-eabi/7.3.1/thumb/v7e-m/fpv4-sp/hard/crtn.o
                0x0000000008007a50                . = ALIGN (0x4)
                0x0000000008007a50                _etext = .

.vfp11_veneer   0x0000000008007a50        0x0
 .vfp11_veneer  0x0000000008007a50        0x0 linker stubs

.v4_bx          0x0000000008007a50        0x0
 .v4_bx         0x0000000008007a50        0x0 linker stubs

.iplt           0x0000000008007a50        0x0
 .iplt          0x0000000008007a50        0x0 /opt/st/stm32cubeide_1.3.0/plugins/com.st.stm32cube.ide.mcu.externaltools.gnu-tools-for-stm32.7-2018-q2-update.linux64_1.0.0.201904181610/tools/bin/../lib/gcc/arm-none-eabi/7.3.1/thumb/v7e-m/fpv4-sp/hard/crtbegin.o

.rodata         0x0000000008007a50       0x1c
                0x0000000008007a50                . = ALIGN (0x4)
 *(.rodata)
 .rodata        0x0000000008007a50        0x4 Middlewares/USB_Host_Library/usbh_cdc.o
 *(.rodata*)
 .rodata.AHBPrescTable
                0x0000000008007a54       0x10 Core/Src/system_stm32f4xx.o
                0x0000000008007a54                AHBPrescTable
 .rodata.APBPrescTable
                0x0000000008007a64        0x8 Core/Src/system_stm32f4xx.o
                0x0000000008007a64                APBPrescTable
                0x0000000008007a6c                . = ALIGN (0x4)

.ARM.extab      0x0000000008007a6c        0x0
                0x0000000008007a6c                . = ALIGN (0x4)
 *(.ARM.extab* .gnu.linkonce.armextab.*)
                0x0000000008007a6c                . = ALIGN (0x4)

.ARM            0x0000000008007a6c        0x8
                0x0000000008007a6c                . = ALIGN (0x4)
                0x0000000008007a6c                __exidx_start = .
 *(.ARM.exidx*)
 .ARM.exidx     0x0000000008007a6c        0x8 /opt/st/stm32cubeide_1.3.0/plugins/com.st.stm32cube.ide.mcu.externaltools.gnu-tools-for-stm32.7-2018-q2-update.linux64_1.0.0.201904181610/tools/bin/../lib/gcc/arm-none-eabi/7.3.1/thumb/v7e-m/fpv4-sp/hard/libgcc.a(_udivmoddi4.o)
                0x0000000008007a74                __exidx_end = .
                0x0000000008007a74                . = ALIGN (0x4)

.rel.dyn        0x0000000008007a74        0x0
 .rel.iplt      0x0000000008007a74        0x0 /opt/st/stm32cubeide_1.3.0/plugins/com.st.stm32cube.ide.mcu.externaltools.gnu-tools-for-stm32.7-2018-q2-update.linux64_1.0.0.201904181610/tools/bin/../lib/gcc/arm-none-eabi/7.3.1/thumb/v7e-m/fpv4-sp/hard/crtbegin.o

.preinit_array  0x0000000008007a74        0x0
                0x0000000008007a74                . = ALIGN (0x4)
                0x0000000008007a74                PROVIDE (__preinit_array_start = .)
 *(.preinit_array*)
                0x0000000008007a74                PROVIDE (__preinit_array_end = .)
                0x0000000008007a74                . = ALIGN (0x4)

.init_array     0x0000000008007a74        0x4
                0x0000000008007a74                . = ALIGN (0x4)
                0x0000000008007a74                PROVIDE (__init_array_start = .)
 *(SORT_BY_NAME(.init_array.*))
 *(.init_array*)
 .init_array    0x0000000008007a74        0x4 /opt/st/stm32cubeide_1.3.0/plugins/com.st.stm32cube.ide.mcu.externaltools.gnu-tools-for-stm32.7-2018-q2-update.linux64_1.0.0.201904181610/tools/bin/../lib/gcc/arm-none-eabi/7.3.1/thumb/v7e-m/fpv4-sp/hard/crtbegin.o
                0x0000000008007a78                PROVIDE (__init_array_end = .)
                0x0000000008007a78                . = ALIGN (0x4)

.fini_array     0x0000000008007a78        0x4
                0x0000000008007a78                . = ALIGN (0x4)
                [!provide]                        PROVIDE (__fini_array_start = .)
 *(SORT_BY_NAME(.fini_array.*))
 *(.fini_array*)
 .fini_array    0x0000000008007a78        0x4 /opt/st/stm32cubeide_1.3.0/plugins/com.st.stm32cube.ide.mcu.externaltools.gnu-tools-for-stm32.7-2018-q2-update.linux64_1.0.0.201904181610/tools/bin/../lib/gcc/arm-none-eabi/7.3.1/thumb/v7e-m/fpv4-sp/hard/crtbegin.o
                [!provide]                        PROVIDE (__fini_array_end = .)
                0x0000000008007a7c                . = ALIGN (0x4)
                0x0000000008007a7c                _sidata = LOADADDR (.data)

.data           0x0000000020000000       0x90 load address 0x0000000008007a7c
                0x0000000020000000                . = ALIGN (0x4)
                0x0000000020000000                _sdata = .
 *(.data)
 *(.data*)
 .data.SystemCoreClock
                0x0000000020000000        0x4 Core/Src/system_stm32f4xx.o
                0x0000000020000000                SystemCoreClock
 .data.uwTickPrio
                0x0000000020000004        0x4 Drivers/STM32F4xx_HAL_Driver/stm32f4xx_hal.o
                0x0000000020000004                uwTickPrio
 .data.uwTickFreq
                0x0000000020000008        0x1 Drivers/STM32F4xx_HAL_Driver/stm32f4xx_hal.o
                0x0000000020000008                uwTickFreq
 *fill*         0x0000000020000009        0x3 
 .data.CDC_Class
                0x000000002000000c       0x20 Middlewares/USB_Host_Library/usbh_cdc.o
                0x000000002000000c                CDC_Class
 .data._impure_ptr
                0x000000002000002c        0x4 /opt/st/stm32cubeide_1.3.0/plugins/com.st.stm32cube.ide.mcu.externaltools.gnu-tools-for-stm32.7-2018-q2-update.linux64_1.0.0.201904181610/tools/bin/../lib/gcc/arm-none-eabi/7.3.1/../../../../arm-none-eabi/lib/thumb/v7e-m/fpv4-sp/hard/libc_nano.a(lib_a-impure.o)
                0x000000002000002c                _impure_ptr
 .data.impure_data
                0x0000000020000030       0x60 /opt/st/stm32cubeide_1.3.0/plugins/com.st.stm32cube.ide.mcu.externaltools.gnu-tools-for-stm32.7-2018-q2-update.linux64_1.0.0.201904181610/tools/bin/../lib/gcc/arm-none-eabi/7.3.1/../../../../arm-none-eabi/lib/thumb/v7e-m/fpv4-sp/hard/libc_nano.a(lib_a-impure.o)
                0x0000000020000090                . = ALIGN (0x4)
                0x0000000020000090                _edata = .

.igot.plt       0x0000000020000090        0x0 load address 0x0000000008007b0c
 .igot.plt      0x0000000020000090        0x0 /opt/st/stm32cubeide_1.3.0/plugins/com.st.stm32cube.ide.mcu.externaltools.gnu-tools-for-stm32.7-2018-q2-update.linux64_1.0.0.201904181610/tools/bin/../lib/gcc/arm-none-eabi/7.3.1/thumb/v7e-m/fpv4-sp/hard/crtbegin.o
                0x0000000020000090                . = ALIGN (0x4)

.bss            0x0000000020000090      0x730 load address 0x0000000008007b0c
                0x0000000020000090                _sbss = .
                0x0000000020000090                __bss_start__ = _sbss
 *(.bss)
 .bss           0x0000000020000090       0x1c /opt/st/stm32cubeide_1.3.0/plugins/com.st.stm32cube.ide.mcu.externaltools.gnu-tools-for-stm32.7-2018-q2-update.linux64_1.0.0.201904181610/tools/bin/../lib/gcc/arm-none-eabi/7.3.1/thumb/v7e-m/fpv4-sp/hard/crtbegin.o
 *(.bss*)
 .bss.heap_end.6424
                0x00000000200000ac        0x4 Core/Src/sysmem.o
 .bss.tmpreg.8435
                0x00000000200000b0        0x4 Drivers/STM32F4xx_HAL_Driver/stm32f4xx_ll_usb.o
 .bss.Appli_state
                0x00000000200000b4        0x1 USB_HOST/App/usb_host.o
                0x00000000200000b4                Appli_state
 *fill*         0x00000000200000b5        0x3 
 .bss.__malloc_free_list
                0x00000000200000b8        0x4 /opt/st/stm32cubeide_1.3.0/plugins/com.st.stm32cube.ide.mcu.externaltools.gnu-tools-for-stm32.7-2018-q2-update.linux64_1.0.0.201904181610/tools/bin/../lib/gcc/arm-none-eabi/7.3.1/../../../../arm-none-eabi/lib/thumb/v7e-m/fpv4-sp/hard/libc_nano.a(lib_a-nano-mallocr.o)
                0x00000000200000b8                __malloc_free_list
 .bss.__malloc_sbrk_start
                0x00000000200000bc        0x4 /opt/st/stm32cubeide_1.3.0/plugins/com.st.stm32cube.ide.mcu.externaltools.gnu-tools-for-stm32.7-2018-q2-update.linux64_1.0.0.201904181610/tools/bin/../lib/gcc/arm-none-eabi/7.3.1/../../../../arm-none-eabi/lib/thumb/v7e-m/fpv4-sp/hard/libc_nano.a(lib_a-nano-mallocr.o)
                0x00000000200000bc                __malloc_sbrk_start
 *(COMMON)
 COMMON         0x00000000200000c0       0x5c Core/Src/main.o
                0x00000000200000c0                hi2c1
                0x0000000020000114                data
 COMMON         0x000000002000011c        0x4 Drivers/STM32F4xx_HAL_Driver/stm32f4xx_hal.o
                0x000000002000011c                uwTick
 COMMON         0x0000000020000120      0x3d8 USB_HOST/App/usb_host.o
                0x0000000020000120                hUsbHostFS
 COMMON         0x00000000200004f8      0x2c4 USB_HOST/Target/usbh_conf.o
                0x00000000200004f8                hhcd_USB_OTG_FS
 COMMON         0x00000000200007bc        0x4 /opt/st/stm32cubeide_1.3.0/plugins/com.st.stm32cube.ide.mcu.externaltools.gnu-tools-for-stm32.7-2018-q2-update.linux64_1.0.0.201904181610/tools/bin/../lib/gcc/arm-none-eabi/7.3.1/../../../../arm-none-eabi/lib/thumb/v7e-m/fpv4-sp/hard/libc_nano.a(lib_a-reent.o)
                0x00000000200007bc                errno
                0x00000000200007c0                . = ALIGN (0x4)
                0x00000000200007c0                _ebss = .
                0x00000000200007c0                __bss_end__ = _ebss

._user_heap_stack
                0x00000000200007c0      0x600 load address 0x0000000008007b0c
                0x00000000200007c0                . = ALIGN (0x8)
                0x00000000200007c0                PROVIDE (end = .)
                [!provide]                        PROVIDE (_end = .)
                0x00000000200009c0                . = (. + _Min_Heap_Size)
 *fill*         0x00000000200007c0      0x200 
                0x0000000020000dc0                . = (. + _Min_Stack_Size)
 *fill*         0x00000000200009c0      0x400 
                0x0000000020000dc0                . = ALIGN (0x8)

/DISCARD/
 libc.a(*)
 libm.a(*)
 libgcc.a(*)

.ARM.attributes
                0x0000000000000000       0x30
 *(.ARM.attributes)
 .ARM.attributes
                0x0000000000000000       0x22 /opt/st/stm32cubeide_1.3.0/plugins/com.st.stm32cube.ide.mcu.externaltools.gnu-tools-for-stm32.7-2018-q2-update.linux64_1.0.0.201904181610/tools/bin/../lib/gcc/arm-none-eabi/7.3.1/thumb/v7e-m/fpv4-sp/hard/crti.o
 .ARM.attributes
                0x0000000000000022       0x34 /opt/st/stm32cubeide_1.3.0/plugins/com.st.stm32cube.ide.mcu.externaltools.gnu-tools-for-stm32.7-2018-q2-update.linux64_1.0.0.201904181610/tools/bin/../lib/gcc/arm-none-eabi/7.3.1/thumb/v7e-m/fpv4-sp/hard/crtbegin.o
 .ARM.attributes
                0x0000000000000056       0x39 Core/Src/main.o
 .ARM.attributes
                0x000000000000008f       0x39 Core/Src/stm32f4xx_hal_msp.o
 .ARM.attributes
                0x00000000000000c8       0x39 Core/Src/stm32f4xx_it.o
 .ARM.attributes
                0x0000000000000101       0x39 Core/Src/sysmem.o
 .ARM.attributes
                0x000000000000013a       0x39 Core/Src/system_stm32f4xx.o
 .ARM.attributes
                0x0000000000000173       0x21 Core/Startup/startup_stm32f407vgtx.o
 .ARM.attributes
                0x0000000000000194       0x39 Drivers/STM32F4xx_HAL_Driver/stm32f4xx_hal.o
 .ARM.attributes
                0x00000000000001cd       0x39 Drivers/STM32F4xx_HAL_Driver/stm32f4xx_hal_cortex.o
 .ARM.attributes
                0x0000000000000206       0x39 Drivers/STM32F4xx_HAL_Driver/stm32f4xx_hal_gpio.o
 .ARM.attributes
                0x000000000000023f       0x39 Drivers/STM32F4xx_HAL_Driver/stm32f4xx_hal_hcd.o
 .ARM.attributes
                0x0000000000000278       0x39 Drivers/STM32F4xx_HAL_Driver/stm32f4xx_hal_i2c.o
 .ARM.attributes
                0x00000000000002b1       0x39 Drivers/STM32F4xx_HAL_Driver/stm32f4xx_hal_rcc.o
 .ARM.attributes
                0x00000000000002ea       0x39 Drivers/STM32F4xx_HAL_Driver/stm32f4xx_hal_rcc_ex.o
 .ARM.attributes
                0x0000000000000323       0x39 Drivers/STM32F4xx_HAL_Driver/stm32f4xx_ll_usb.o
 .ARM.attributes
                0x000000000000035c       0x39 Middlewares/USB_Host_Library/usbh_cdc.o
 .ARM.attributes
                0x0000000000000395       0x39 Middlewares/USB_Host_Library/usbh_core.o
 .ARM.attributes
                0x00000000000003ce       0x39 Middlewares/USB_Host_Library/usbh_ctlreq.o
 .ARM.attributes
                0x0000000000000407       0x39 Middlewares/USB_Host_Library/usbh_ioreq.o
 .ARM.attributes
                0x0000000000000440       0x39 Middlewares/USB_Host_Library/usbh_pipes.o
 .ARM.attributes
                0x0000000000000479       0x39 USB_HOST/App/usb_host.o
 .ARM.attributes
                0x00000000000004b2       0x39 USB_HOST/Target/usbh_conf.o
 .ARM.attributes
                0x00000000000004eb       0x39 USB_HOST/Target/usbh_platform.o
 .ARM.attributes
                0x0000000000000524       0x34 /opt/st/stm32cubeide_1.3.0/plugins/com.st.stm32cube.ide.mcu.externaltools.gnu-tools-for-stm32.7-2018-q2-update.linux64_1.0.0.201904181610/tools/bin/../lib/gcc/arm-none-eabi/7.3.1/../../../../arm-none-eabi/lib/thumb/v7e-m/fpv4-sp/hard/libc_nano.a(lib_a-errno.o)
 .ARM.attributes
                0x0000000000000558       0x34 /opt/st/stm32cubeide_1.3.0/plugins/com.st.stm32cube.ide.mcu.externaltools.gnu-tools-for-stm32.7-2018-q2-update.linux64_1.0.0.201904181610/tools/bin/../lib/gcc/arm-none-eabi/7.3.1/../../../../arm-none-eabi/lib/thumb/v7e-m/fpv4-sp/hard/libc_nano.a(lib_a-impure.o)
 .ARM.attributes
                0x000000000000058c       0x34 /opt/st/stm32cubeide_1.3.0/plugins/com.st.stm32cube.ide.mcu.externaltools.gnu-tools-for-stm32.7-2018-q2-update.linux64_1.0.0.201904181610/tools/bin/../lib/gcc/arm-none-eabi/7.3.1/../../../../arm-none-eabi/lib/thumb/v7e-m/fpv4-sp/hard/libc_nano.a(lib_a-init.o)
 .ARM.attributes
                0x00000000000005c0       0x34 /opt/st/stm32cubeide_1.3.0/plugins/com.st.stm32cube.ide.mcu.externaltools.gnu-tools-for-stm32.7-2018-q2-update.linux64_1.0.0.201904181610/tools/bin/../lib/gcc/arm-none-eabi/7.3.1/../../../../arm-none-eabi/lib/thumb/v7e-m/fpv4-sp/hard/libc_nano.a(lib_a-malloc.o)
 .ARM.attributes
                0x00000000000005f4       0x34 /opt/st/stm32cubeide_1.3.0/plugins/com.st.stm32cube.ide.mcu.externaltools.gnu-tools-for-stm32.7-2018-q2-update.linux64_1.0.0.201904181610/tools/bin/../lib/gcc/arm-none-eabi/7.3.1/../../../../arm-none-eabi/lib/thumb/v7e-m/fpv4-sp/hard/libc_nano.a(lib_a-memset.o)
 .ARM.attributes
                0x0000000000000628       0x34 /opt/st/stm32cubeide_1.3.0/plugins/com.st.stm32cube.ide.mcu.externaltools.gnu-tools-for-stm32.7-2018-q2-update.linux64_1.0.0.201904181610/tools/bin/../lib/gcc/arm-none-eabi/7.3.1/../../../../arm-none-eabi/lib/thumb/v7e-m/fpv4-sp/hard/libc_nano.a(lib_a-nano-freer.o)
 .ARM.attributes
                0x000000000000065c       0x34 /opt/st/stm32cubeide_1.3.0/plugins/com.st.stm32cube.ide.mcu.externaltools.gnu-tools-for-stm32.7-2018-q2-update.linux64_1.0.0.201904181610/tools/bin/../lib/gcc/arm-none-eabi/7.3.1/../../../../arm-none-eabi/lib/thumb/v7e-m/fpv4-sp/hard/libc_nano.a(lib_a-nano-mallocr.o)
 .ARM.attributes
                0x0000000000000690       0x34 /opt/st/stm32cubeide_1.3.0/plugins/com.st.stm32cube.ide.mcu.externaltools.gnu-tools-for-stm32.7-2018-q2-update.linux64_1.0.0.201904181610/tools/bin/../lib/gcc/arm-none-eabi/7.3.1/../../../../arm-none-eabi/lib/thumb/v7e-m/fpv4-sp/hard/libc_nano.a(lib_a-sbrkr.o)
 .ARM.attributes
                0x00000000000006c4       0x34 /opt/st/stm32cubeide_1.3.0/plugins/com.st.stm32cube.ide.mcu.externaltools.gnu-tools-for-stm32.7-2018-q2-update.linux64_1.0.0.201904181610/tools/bin/../lib/gcc/arm-none-eabi/7.3.1/../../../../arm-none-eabi/lib/thumb/v7e-m/fpv4-sp/hard/libc_nano.a(lib_a-mlock.o)
 .ARM.attributes
                0x00000000000006f8       0x34 /opt/st/stm32cubeide_1.3.0/plugins/com.st.stm32cube.ide.mcu.externaltools.gnu-tools-for-stm32.7-2018-q2-update.linux64_1.0.0.201904181610/tools/bin/../lib/gcc/arm-none-eabi/7.3.1/../../../../arm-none-eabi/lib/thumb/v7e-m/fpv4-sp/hard/libc_nano.a(lib_a-reent.o)
 .ARM.attributes
                0x000000000000072c       0x22 /opt/st/stm32cubeide_1.3.0/plugins/com.st.stm32cube.ide.mcu.externaltools.gnu-tools-for-stm32.7-2018-q2-update.linux64_1.0.0.201904181610/tools/bin/../lib/gcc/arm-none-eabi/7.3.1/thumb/v7e-m/fpv4-sp/hard/libgcc.a(_aeabi_uldivmod.o)
 .ARM.attributes
                0x000000000000074e       0x34 /opt/st/stm32cubeide_1.3.0/plugins/com.st.stm32cube.ide.mcu.externaltools.gnu-tools-for-stm32.7-2018-q2-update.linux64_1.0.0.201904181610/tools/bin/../lib/gcc/arm-none-eabi/7.3.1/thumb/v7e-m/fpv4-sp/hard/libgcc.a(_udivmoddi4.o)
 .ARM.attributes
                0x0000000000000782       0x22 /opt/st/stm32cubeide_1.3.0/plugins/com.st.stm32cube.ide.mcu.externaltools.gnu-tools-for-stm32.7-2018-q2-update.linux64_1.0.0.201904181610/tools/bin/../lib/gcc/arm-none-eabi/7.3.1/thumb/v7e-m/fpv4-sp/hard/libgcc.a(_dvmd_tls.o)
 .ARM.attributes
                0x00000000000007a4       0x22 /opt/st/stm32cubeide_1.3.0/plugins/com.st.stm32cube.ide.mcu.externaltools.gnu-tools-for-stm32.7-2018-q2-update.linux64_1.0.0.201904181610/tools/bin/../lib/gcc/arm-none-eabi/7.3.1/thumb/v7e-m/fpv4-sp/hard/crtn.o
OUTPUT(LoopPedal.elf elf32-littlearm)

.debug_info     0x0000000000000000    0x1519b
 .debug_info    0x0000000000000000      0xcc2 Core/Src/main.o
 .debug_info    0x0000000000000cc2      0xf0e Core/Src/stm32f4xx_hal_msp.o
 .debug_info    0x0000000000001bd0      0x6b4 Core/Src/stm32f4xx_it.o
 .debug_info    0x0000000000002284      0x91c Core/Src/sysmem.o
 .debug_info    0x0000000000002ba0      0x554 Core/Src/system_stm32f4xx.o
 .debug_info    0x00000000000030f4       0x22 Core/Startup/startup_stm32f407vgtx.o
 .debug_info    0x0000000000003116      0x945 Drivers/STM32F4xx_HAL_Driver/stm32f4xx_hal.o
 .debug_info    0x0000000000003a5b      0xe28 Drivers/STM32F4xx_HAL_Driver/stm32f4xx_hal_cortex.o
 .debug_info    0x0000000000004883      0x7b5 Drivers/STM32F4xx_HAL_Driver/stm32f4xx_hal_gpio.o
 .debug_info    0x0000000000005038      0xe39 Drivers/STM32F4xx_HAL_Driver/stm32f4xx_hal_hcd.o
 .debug_info    0x0000000000005e71     0x23b5 Drivers/STM32F4xx_HAL_Driver/stm32f4xx_hal_i2c.o
 .debug_info    0x0000000000008226      0x904 Drivers/STM32F4xx_HAL_Driver/stm32f4xx_hal_rcc.o
 .debug_info    0x0000000000008b2a      0x5ae Drivers/STM32F4xx_HAL_Driver/stm32f4xx_hal_rcc_ex.o
 .debug_info    0x00000000000090d8     0x18dd Drivers/STM32F4xx_HAL_Driver/stm32f4xx_ll_usb.o
 .debug_info    0x000000000000a9b5     0x1ad3 Middlewares/USB_Host_Library/usbh_cdc.o
 .debug_info    0x000000000000c488     0x16b2 Middlewares/USB_Host_Library/usbh_core.o
 .debug_info    0x000000000000db3a     0x1772 Middlewares/USB_Host_Library/usbh_ctlreq.o
 .debug_info    0x000000000000f2ac     0x14df Middlewares/USB_Host_Library/usbh_ioreq.o
 .debug_info    0x000000000001078b     0x1321 Middlewares/USB_Host_Library/usbh_pipes.o
 .debug_info    0x0000000000011aac     0x1275 USB_HOST/App/usb_host.o
 .debug_info    0x0000000000012d21     0x2200 USB_HOST/Target/usbh_conf.o
 .debug_info    0x0000000000014f21      0x27a USB_HOST/Target/usbh_platform.o

.debug_abbrev   0x0000000000000000     0x2eac
 .debug_abbrev  0x0000000000000000      0x1df Core/Src/main.o
 .debug_abbrev  0x00000000000001df      0x1b5 Core/Src/stm32f4xx_hal_msp.o
 .debug_abbrev  0x0000000000000394      0x164 Core/Src/stm32f4xx_it.o
 .debug_abbrev  0x00000000000004f8      0x1bb Core/Src/sysmem.o
 .debug_abbrev  0x00000000000006b3      0x12b Core/Src/system_stm32f4xx.o
 .debug_abbrev  0x00000000000007de       0x12 Core/Startup/startup_stm32f407vgtx.o
 .debug_abbrev  0x00000000000007f0      0x1c7 Drivers/STM32F4xx_HAL_Driver/stm32f4xx_hal.o
 .debug_abbrev  0x00000000000009b7      0x2fa Drivers/STM32F4xx_HAL_Driver/stm32f4xx_hal_cortex.o
 .debug_abbrev  0x0000000000000cb1      0x1c9 Drivers/STM32F4xx_HAL_Driver/stm32f4xx_hal_gpio.o
 .debug_abbrev  0x0000000000000e7a      0x255 Drivers/STM32F4xx_HAL_Driver/stm32f4xx_hal_hcd.o
 .debug_abbrev  0x00000000000010cf      0x254 Drivers/STM32F4xx_HAL_Driver/stm32f4xx_hal_i2c.o
 .debug_abbrev  0x0000000000001323      0x245 Drivers/STM32F4xx_HAL_Driver/stm32f4xx_hal_rcc.o
 .debug_abbrev  0x0000000000001568      0x173 Drivers/STM32F4xx_HAL_Driver/stm32f4xx_hal_rcc_ex.o
 .debug_abbrev  0x00000000000016db      0x26d Drivers/STM32F4xx_HAL_Driver/stm32f4xx_ll_usb.o
 .debug_abbrev  0x0000000000001948      0x308 Middlewares/USB_Host_Library/usbh_cdc.o
 .debug_abbrev  0x0000000000001c50      0x362 Middlewares/USB_Host_Library/usbh_core.o
 .debug_abbrev  0x0000000000001fb2      0x31b Middlewares/USB_Host_Library/usbh_ctlreq.o
 .debug_abbrev  0x00000000000022cd      0x279 Middlewares/USB_Host_Library/usbh_ioreq.o
 .debug_abbrev  0x0000000000002546      0x2b1 Middlewares/USB_Host_Library/usbh_pipes.o
 .debug_abbrev  0x00000000000027f7      0x268 USB_HOST/App/usb_host.o
 .debug_abbrev  0x0000000000002a5f      0x349 USB_HOST/Target/usbh_conf.o
 .debug_abbrev  0x0000000000002da8      0x104 USB_HOST/Target/usbh_platform.o

.debug_aranges  0x0000000000000000      0xd88
 .debug_aranges
                0x0000000000000000       0x40 Core/Src/main.o
 .debug_aranges
                0x0000000000000040       0x50 Core/Src/stm32f4xx_hal_msp.o
 .debug_aranges
                0x0000000000000090       0x68 Core/Src/stm32f4xx_it.o
 .debug_aranges
                0x00000000000000f8       0x20 Core/Src/sysmem.o
 .debug_aranges
                0x0000000000000118       0x28 Core/Src/system_stm32f4xx.o
 .debug_aranges
                0x0000000000000140       0x28 Core/Startup/startup_stm32f407vgtx.o
 .debug_aranges
                0x0000000000000168       0xf0 Drivers/STM32F4xx_HAL_Driver/stm32f4xx_hal.o
 .debug_aranges
                0x0000000000000258      0x118 Drivers/STM32F4xx_HAL_Driver/stm32f4xx_hal_cortex.o
 .debug_aranges
                0x0000000000000370       0x58 Drivers/STM32F4xx_HAL_Driver/stm32f4xx_hal_gpio.o
 .debug_aranges
                0x00000000000003c8       0xf0 Drivers/STM32F4xx_HAL_Driver/stm32f4xx_hal_hcd.o
 .debug_aranges
                0x00000000000004b8      0x298 Drivers/STM32F4xx_HAL_Driver/stm32f4xx_hal_i2c.o
 .debug_aranges
                0x0000000000000750       0x88 Drivers/STM32F4xx_HAL_Driver/stm32f4xx_hal_rcc.o
 .debug_aranges
                0x00000000000007d8       0x48 Drivers/STM32F4xx_HAL_Driver/stm32f4xx_hal_rcc_ex.o
 .debug_aranges
                0x0000000000000820      0x198 Drivers/STM32F4xx_HAL_Driver/stm32f4xx_ll_usb.o
 .debug_aranges
                0x00000000000009b8       0xa8 Middlewares/USB_Host_Library/usbh_cdc.o
 .debug_aranges
                0x0000000000000a60       0xc0 Middlewares/USB_Host_Library/usbh_core.o
 .debug_aranges
                0x0000000000000b20       0xa0 Middlewares/USB_Host_Library/usbh_ctlreq.o
 .debug_aranges
                0x0000000000000bc0       0x60 Middlewares/USB_Host_Library/usbh_ioreq.o
 .debug_aranges
                0x0000000000000c20       0x40 Middlewares/USB_Host_Library/usbh_pipes.o
 .debug_aranges
                0x0000000000000c60       0x30 USB_HOST/App/usb_host.o
 .debug_aranges
                0x0000000000000c90       0xd8 USB_HOST/Target/usbh_conf.o
 .debug_aranges
                0x0000000000000d68       0x20 USB_HOST/Target/usbh_platform.o

.debug_ranges   0x0000000000000000      0xc50
 .debug_ranges  0x0000000000000000       0x30 Core/Src/main.o
 .debug_ranges  0x0000000000000030       0x40 Core/Src/stm32f4xx_hal_msp.o
 .debug_ranges  0x0000000000000070       0x58 Core/Src/stm32f4xx_it.o
 .debug_ranges  0x00000000000000c8       0x10 Core/Src/sysmem.o
 .debug_ranges  0x00000000000000d8       0x18 Core/Src/system_stm32f4xx.o
 .debug_ranges  0x00000000000000f0       0x20 Core/Startup/startup_stm32f407vgtx.o
 .debug_ranges  0x0000000000000110       0xe0 Drivers/STM32F4xx_HAL_Driver/stm32f4xx_hal.o
 .debug_ranges  0x00000000000001f0      0x108 Drivers/STM32F4xx_HAL_Driver/stm32f4xx_hal_cortex.o
 .debug_ranges  0x00000000000002f8       0x48 Drivers/STM32F4xx_HAL_Driver/stm32f4xx_hal_gpio.o
 .debug_ranges  0x0000000000000340       0xe0 Drivers/STM32F4xx_HAL_Driver/stm32f4xx_hal_hcd.o
 .debug_ranges  0x0000000000000420      0x2a8 Drivers/STM32F4xx_HAL_Driver/stm32f4xx_hal_i2c.o
 .debug_ranges  0x00000000000006c8       0x78 Drivers/STM32F4xx_HAL_Driver/stm32f4xx_hal_rcc.o
 .debug_ranges  0x0000000000000740       0x38 Drivers/STM32F4xx_HAL_Driver/stm32f4xx_hal_rcc_ex.o
 .debug_ranges  0x0000000000000778      0x188 Drivers/STM32F4xx_HAL_Driver/stm32f4xx_ll_usb.o
 .debug_ranges  0x0000000000000900       0x98 Middlewares/USB_Host_Library/usbh_cdc.o
 .debug_ranges  0x0000000000000998       0xb0 Middlewares/USB_Host_Library/usbh_core.o
 .debug_ranges  0x0000000000000a48       0x90 Middlewares/USB_Host_Library/usbh_ctlreq.o
 .debug_ranges  0x0000000000000ad8       0x50 Middlewares/USB_Host_Library/usbh_ioreq.o
 .debug_ranges  0x0000000000000b28       0x30 Middlewares/USB_Host_Library/usbh_pipes.o
 .debug_ranges  0x0000000000000b58       0x20 USB_HOST/App/usb_host.o
 .debug_ranges  0x0000000000000b78       0xc8 USB_HOST/Target/usbh_conf.o
 .debug_ranges  0x0000000000000c40       0x10 USB_HOST/Target/usbh_platform.o

.debug_macro    0x0000000000000000    0x23249
 .debug_macro   0x0000000000000000      0x225 Core/Src/main.o
 .debug_macro   0x0000000000000225      0xa5a Core/Src/main.o
 .debug_macro   0x0000000000000c7f      0x196 Core/Src/main.o
 .debug_macro   0x0000000000000e15       0x2e Core/Src/main.o
 .debug_macro   0x0000000000000e43       0x2f Core/Src/main.o
 .debug_macro   0x0000000000000e72       0x22 Core/Src/main.o
 .debug_macro   0x0000000000000e94       0x8e Core/Src/main.o
 .debug_macro   0x0000000000000f22       0x51 Core/Src/main.o
 .debug_macro   0x0000000000000f73       0xef Core/Src/main.o
 .debug_macro   0x0000000000001062       0x6a Core/Src/main.o
 .debug_macro   0x00000000000010cc      0x1df Core/Src/main.o
 .debug_macro   0x00000000000012ab       0x1c Core/Src/main.o
 .debug_macro   0x00000000000012c7       0x22 Core/Src/main.o
 .debug_macro   0x00000000000012e9       0xdf Core/Src/main.o
 .debug_macro   0x00000000000013c8     0x102d Core/Src/main.o
 .debug_macro   0x00000000000023f5      0x11f Core/Src/main.o
 .debug_macro   0x0000000000002514    0x15e3c Core/Src/main.o
 .debug_macro   0x0000000000018350       0x43 Core/Src/main.o
 .debug_macro   0x0000000000018393     0x3659 Core/Src/main.o
 .debug_macro   0x000000000001b9ec      0x174 Core/Src/main.o
 .debug_macro   0x000000000001bb60       0x5a Core/Src/main.o
 .debug_macro   0x000000000001bbba      0x96b Core/Src/main.o
 .debug_macro   0x000000000001c525      0x9fe Core/Src/main.o
 .debug_macro   0x000000000001cf23      0x174 Core/Src/main.o
 .debug_macro   0x000000000001d097      0x117 Core/Src/main.o
 .debug_macro   0x000000000001d1ae      0x13e Core/Src/main.o
 .debug_macro   0x000000000001d2ec       0x27 Core/Src/main.o
 .debug_macro   0x000000000001d313      0x287 Core/Src/main.o
 .debug_macro   0x000000000001d59a       0x5f Core/Src/main.o
 .debug_macro   0x000000000001d5f9      0x236 Core/Src/main.o
 .debug_macro   0x000000000001d82f      0x12c Core/Src/main.o
 .debug_macro   0x000000000001d95b      0x21e Core/Src/main.o
 .debug_macro   0x000000000001db79       0x2e Core/Src/main.o
 .debug_macro   0x000000000001dba7      0x1b5 Core/Src/main.o
 .debug_macro   0x000000000001dd5c       0xd6 Core/Src/main.o
 .debug_macro   0x000000000001de32      0x1a7 Core/Src/main.o
 .debug_macro   0x000000000001dfd9       0x46 Core/Src/main.o
 .debug_macro   0x000000000001e01f       0x4a Core/Src/main.o
 .debug_macro   0x000000000001e069      0x11a Core/Src/main.o
 .debug_macro   0x000000000001e183       0x7e Core/Src/main.o
 .debug_macro   0x000000000001e201       0x89 Core/Src/main.o
 .debug_macro   0x000000000001e28a      0x225 Core/Src/main.o
 .debug_macro   0x000000000001e4af      0x21e Core/Src/main.o
 .debug_macro   0x000000000001e6cd       0x68 Core/Src/main.o
 .debug_macro   0x000000000001e735      0x12d Core/Src/main.o
 .debug_macro   0x000000000001e862      0x184 Core/Src/main.o
 .debug_macro   0x000000000001e9e6      0x215 Core/Src/stm32f4xx_hal_msp.o
 .debug_macro   0x000000000001ebfb      0x21f Core/Src/stm32f4xx_it.o
 .debug_macro   0x000000000001ee1a      0x1ae Core/Src/sysmem.o
 .debug_macro   0x000000000001efc8      0x23b Core/Src/sysmem.o
 .debug_macro   0x000000000001f203       0x16 Core/Src/sysmem.o
 .debug_macro   0x000000000001f219      0x20c Core/Src/system_stm32f4xx.o
 .debug_macro   0x000000000001f425      0x266 Drivers/STM32F4xx_HAL_Driver/stm32f4xx_hal.o
 .debug_macro   0x000000000001f68b      0x206 Drivers/STM32F4xx_HAL_Driver/stm32f4xx_hal_cortex.o
 .debug_macro   0x000000000001f891      0x23c Drivers/STM32F4xx_HAL_Driver/stm32f4xx_hal_gpio.o
 .debug_macro   0x000000000001facd      0x206 Drivers/STM32F4xx_HAL_Driver/stm32f4xx_hal_hcd.o
 .debug_macro   0x000000000001fcd3      0x246 Drivers/STM32F4xx_HAL_Driver/stm32f4xx_hal_i2c.o
 .debug_macro   0x000000000001ff19      0x22a Drivers/STM32F4xx_HAL_Driver/stm32f4xx_hal_rcc.o
 .debug_macro   0x0000000000020143      0x206 Drivers/STM32F4xx_HAL_Driver/stm32f4xx_hal_rcc_ex.o
 .debug_macro   0x0000000000020349      0x206 Drivers/STM32F4xx_HAL_Driver/stm32f4xx_ll_usb.o
 .debug_macro   0x000000000002054f      0x42b Middlewares/USB_Host_Library/usbh_cdc.o
 .debug_macro   0x000000000002097a       0x97 Middlewares/USB_Host_Library/usbh_cdc.o
 .debug_macro   0x0000000000020a11       0xfd Middlewares/USB_Host_Library/usbh_cdc.o
 .debug_macro   0x0000000000020b0e       0x16 Middlewares/USB_Host_Library/usbh_cdc.o
 .debug_macro   0x0000000000020b24       0x20 Middlewares/USB_Host_Library/usbh_cdc.o
 .debug_macro   0x0000000000020b44       0xd9 Middlewares/USB_Host_Library/usbh_cdc.o
 .debug_macro   0x0000000000020c1d       0x54 Middlewares/USB_Host_Library/usbh_cdc.o
 .debug_macro   0x0000000000020c71       0x73 Middlewares/USB_Host_Library/usbh_cdc.o
 .debug_macro   0x0000000000020ce4      0x218 Middlewares/USB_Host_Library/usbh_cdc.o
 .debug_macro   0x0000000000020efc       0x2e Middlewares/USB_Host_Library/usbh_cdc.o
 .debug_macro   0x0000000000020f2a       0x2e Middlewares/USB_Host_Library/usbh_cdc.o
 .debug_macro   0x0000000000020f58       0x28 Middlewares/USB_Host_Library/usbh_cdc.o
 .debug_macro   0x0000000000020f80      0x15c Middlewares/USB_Host_Library/usbh_cdc.o
 .debug_macro   0x00000000000210dc      0x428 Middlewares/USB_Host_Library/usbh_core.o
 .debug_macro   0x0000000000021504      0x420 Middlewares/USB_Host_Library/usbh_ctlreq.o
 .debug_macro   0x0000000000021924       0x28 Middlewares/USB_Host_Library/usbh_ctlreq.o
 .debug_macro   0x000000000002194c      0x41a Middlewares/USB_Host_Library/usbh_ioreq.o
 .debug_macro   0x0000000000021d66      0x41a Middlewares/USB_Host_Library/usbh_pipes.o
 .debug_macro   0x0000000000022180      0x429 USB_HOST/App/usb_host.o
 .debug_macro   0x00000000000225a9       0x46 USB_HOST/App/usb_host.o
 .debug_macro   0x00000000000225ef      0x32a USB_HOST/App/usb_host.o
 .debug_macro   0x0000000000022919      0x18a USB_HOST/App/usb_host.o
 .debug_macro   0x0000000000022aa3      0x162 USB_HOST/App/usb_host.o
 .debug_macro   0x0000000000022c05      0x42a USB_HOST/Target/usbh_conf.o
 .debug_macro   0x000000000002302f      0x21a USB_HOST/Target/usbh_platform.o

.debug_line     0x0000000000000000     0xf705
 .debug_line    0x0000000000000000      0x8c5 Core/Src/main.o
 .debug_line    0x00000000000008c5      0x88a Core/Src/stm32f4xx_hal_msp.o
 .debug_line    0x000000000000114f      0x8a4 Core/Src/stm32f4xx_it.o
 .debug_line    0x00000000000019f3      0x531 Core/Src/sysmem.o
 .debug_line    0x0000000000001f24      0x809 Core/Src/system_stm32f4xx.o
 .debug_line    0x000000000000272d       0x85 Core/Startup/startup_stm32f407vgtx.o
 .debug_line    0x00000000000027b2      0xa30 Drivers/STM32F4xx_HAL_Driver/stm32f4xx_hal.o
 .debug_line    0x00000000000031e2      0xb54 Drivers/STM32F4xx_HAL_Driver/stm32f4xx_hal_cortex.o
 .debug_line    0x0000000000003d36      0xa0f Drivers/STM32F4xx_HAL_Driver/stm32f4xx_hal_gpio.o
 .debug_line    0x0000000000004745      0xcba Drivers/STM32F4xx_HAL_Driver/stm32f4xx_hal_hcd.o
 .debug_line    0x00000000000053ff     0x1c6a Drivers/STM32F4xx_HAL_Driver/stm32f4xx_hal_i2c.o
 .debug_line    0x0000000000007069      0xa88 Drivers/STM32F4xx_HAL_Driver/stm32f4xx_hal_rcc.o
 .debug_line    0x0000000000007af1      0x951 Drivers/STM32F4xx_HAL_Driver/stm32f4xx_hal_rcc_ex.o
 .debug_line    0x0000000000008442      0xf5a Drivers/STM32F4xx_HAL_Driver/stm32f4xx_ll_usb.o
 .debug_line    0x000000000000939c      0xe16 Middlewares/USB_Host_Library/usbh_cdc.o
 .debug_line    0x000000000000a1b2      0xf04 Middlewares/USB_Host_Library/usbh_core.o
 .debug_line    0x000000000000b0b6      0xdeb Middlewares/USB_Host_Library/usbh_ctlreq.o
 .debug_line    0x000000000000bea1      0xbf1 Middlewares/USB_Host_Library/usbh_ioreq.o
 .debug_line    0x000000000000ca92      0xba9 Middlewares/USB_Host_Library/usbh_pipes.o
 .debug_line    0x000000000000d63b      0xbaa USB_HOST/App/usb_host.o
 .debug_line    0x000000000000e1e5      0xd06 USB_HOST/Target/usbh_conf.o
 .debug_line    0x000000000000eeeb      0x81a USB_HOST/Target/usbh_platform.o

.debug_str      0x0000000000000000    0xca1be
 .debug_str     0x0000000000000000    0xbf9be Core/Src/main.o
                                      0xbfcd5 (size before relaxing)
 .debug_str     0x00000000000bf9be      0x381 Core/Src/stm32f4xx_hal_msp.o
                                      0xbfe2b (size before relaxing)
 .debug_str     0x00000000000bfd3f      0x43d Core/Src/stm32f4xx_it.o
                                      0xbf8f7 (size before relaxing)
 .debug_str     0x00000000000c017c     0x4529 Core/Src/sysmem.o
                                       0x7af4 (size before relaxing)
 .debug_str     0x00000000000c46a5       0xc4 Core/Src/system_stm32f4xx.o
                                      0xbef96 (size before relaxing)
 .debug_str     0x00000000000c4769       0x36 Core/Startup/startup_stm32f407vgtx.o
                                         0x76 (size before relaxing)
 .debug_str     0x00000000000c479f      0xa9b Drivers/STM32F4xx_HAL_Driver/stm32f4xx_hal.o
                                      0xbfaa0 (size before relaxing)
 .debug_str     0x00000000000c523a      0x3cf Drivers/STM32F4xx_HAL_Driver/stm32f4xx_hal_cortex.o
                                      0xbf88f (size before relaxing)
 .debug_str     0x00000000000c5609      0x249 Drivers/STM32F4xx_HAL_Driver/stm32f4xx_hal_gpio.o
                                      0xbf212 (size before relaxing)
 .debug_str     0x00000000000c5852      0x3ff Drivers/STM32F4xx_HAL_Driver/stm32f4xx_hal_hcd.o
                                      0xbf62d (size before relaxing)
 .debug_str     0x00000000000c5c51      0xaab Drivers/STM32F4xx_HAL_Driver/stm32f4xx_hal_i2c.o
                                      0xbff1c (size before relaxing)
 .debug_str     0x00000000000c66fc      0x28b Drivers/STM32F4xx_HAL_Driver/stm32f4xx_hal_rcc.o
                                      0xbf3c0 (size before relaxing)
 .debug_str     0x00000000000c6987      0x150 Drivers/STM32F4xx_HAL_Driver/stm32f4xx_hal_rcc_ex.o
                                      0xbf108 (size before relaxing)
 .debug_str     0x00000000000c6ad7      0x668 Drivers/STM32F4xx_HAL_Driver/stm32f4xx_ll_usb.o
                                      0xbf8a7 (size before relaxing)
 .debug_str     0x00000000000c713f     0x26ee Middlewares/USB_Host_Library/usbh_cdc.o
                                      0xc5cdf (size before relaxing)
 .debug_str     0x00000000000c982d      0x2a3 Middlewares/USB_Host_Library/usbh_core.o
                                      0xc51e5 (size before relaxing)
 .debug_str     0x00000000000c9ad0      0x25f Middlewares/USB_Host_Library/usbh_ctlreq.o
                                      0xc5209 (size before relaxing)
 .debug_str     0x00000000000c9d2f      0x13b Middlewares/USB_Host_Library/usbh_ioreq.o
                                      0xc5084 (size before relaxing)
 .debug_str     0x00000000000c9e6a       0xd4 Middlewares/USB_Host_Library/usbh_pipes.o
                                      0xc5009 (size before relaxing)
 .debug_str     0x00000000000c9f3e       0xc7 USB_HOST/App/usb_host.o
                                      0xc56b9 (size before relaxing)
 .debug_str     0x00000000000ca005      0x186 USB_HOST/Target/usbh_conf.o
                                      0xc5cfd (size before relaxing)
 .debug_str     0x00000000000ca18b       0x33 USB_HOST/Target/usbh_platform.o
                                      0xbeeaa (size before relaxing)

.comment        0x0000000000000000       0x7b
 .comment       0x0000000000000000       0x7b Core/Src/main.o
                                         0x7c (size before relaxing)
 .comment       0x000000000000007b       0x7c Core/Src/stm32f4xx_hal_msp.o
 .comment       0x000000000000007b       0x7c Core/Src/stm32f4xx_it.o
 .comment       0x000000000000007b       0x7c Core/Src/sysmem.o
 .comment       0x000000000000007b       0x7c Core/Src/system_stm32f4xx.o
 .comment       0x000000000000007b       0x7c Drivers/STM32F4xx_HAL_Driver/stm32f4xx_hal.o
 .comment       0x000000000000007b       0x7c Drivers/STM32F4xx_HAL_Driver/stm32f4xx_hal_cortex.o
 .comment       0x000000000000007b       0x7c Drivers/STM32F4xx_HAL_Driver/stm32f4xx_hal_gpio.o
 .comment       0x000000000000007b       0x7c Drivers/STM32F4xx_HAL_Driver/stm32f4xx_hal_hcd.o
 .comment       0x000000000000007b       0x7c Drivers/STM32F4xx_HAL_Driver/stm32f4xx_hal_i2c.o
 .comment       0x000000000000007b       0x7c Drivers/STM32F4xx_HAL_Driver/stm32f4xx_hal_rcc.o
 .comment       0x000000000000007b       0x7c Drivers/STM32F4xx_HAL_Driver/stm32f4xx_hal_rcc_ex.o
 .comment       0x000000000000007b       0x7c Drivers/STM32F4xx_HAL_Driver/stm32f4xx_ll_usb.o
 .comment       0x000000000000007b       0x7c Middlewares/USB_Host_Library/usbh_cdc.o
 .comment       0x000000000000007b       0x7c Middlewares/USB_Host_Library/usbh_core.o
 .comment       0x000000000000007b       0x7c Middlewares/USB_Host_Library/usbh_ctlreq.o
 .comment       0x000000000000007b       0x7c Middlewares/USB_Host_Library/usbh_ioreq.o
 .comment       0x000000000000007b       0x7c Middlewares/USB_Host_Library/usbh_pipes.o
 .comment       0x000000000000007b       0x7c USB_HOST/App/usb_host.o
 .comment       0x000000000000007b       0x7c USB_HOST/Target/usbh_conf.o
 .comment       0x000000000000007b       0x7c USB_HOST/Target/usbh_platform.o

.debug_frame    0x0000000000000000     0x387c
 .debug_frame   0x0000000000000000       0xb0 Core/Src/main.o
 .debug_frame   0x00000000000000b0      0x10c Core/Src/stm32f4xx_hal_msp.o
 .debug_frame   0x00000000000001bc      0x128 Core/Src/stm32f4xx_it.o
 .debug_frame   0x00000000000002e4       0x34 Core/Src/sysmem.o
 .debug_frame   0x0000000000000318       0x58 Core/Src/system_stm32f4xx.o
 .debug_frame   0x0000000000000370      0x374 Drivers/STM32F4xx_HAL_Driver/stm32f4xx_hal.o
 .debug_frame   0x00000000000006e4      0x498 Drivers/STM32F4xx_HAL_Driver/stm32f4xx_hal_cortex.o
 .debug_frame   0x0000000000000b7c      0x14c Drivers/STM32F4xx_HAL_Driver/stm32f4xx_hal_gpio.o
 .debug_frame   0x0000000000000cc8      0x424 Drivers/STM32F4xx_HAL_Driver/stm32f4xx_hal_hcd.o
 .debug_frame   0x00000000000010ec      0xc38 Drivers/STM32F4xx_HAL_Driver/stm32f4xx_hal_i2c.o
 .debug_frame   0x0000000000001d24      0x1f0 Drivers/STM32F4xx_HAL_Driver/stm32f4xx_hal_rcc.o
 .debug_frame   0x0000000000001f14       0xf0 Drivers/STM32F4xx_HAL_Driver/stm32f4xx_hal_rcc_ex.o
 .debug_frame   0x0000000000002004      0x790 Drivers/STM32F4xx_HAL_Driver/stm32f4xx_ll_usb.o
 .debug_frame   0x0000000000002794      0x2c0 Middlewares/USB_Host_Library/usbh_cdc.o
 .debug_frame   0x0000000000002a54      0x338 Middlewares/USB_Host_Library/usbh_core.o
 .debug_frame   0x0000000000002d8c      0x28c Middlewares/USB_Host_Library/usbh_ctlreq.o
 .debug_frame   0x0000000000003018      0x154 Middlewares/USB_Host_Library/usbh_ioreq.o
 .debug_frame   0x000000000000316c       0xcc Middlewares/USB_Host_Library/usbh_pipes.o
 .debug_frame   0x0000000000003238       0x70 USB_HOST/App/usb_host.o
 .debug_frame   0x00000000000032a8      0x388 USB_HOST/Target/usbh_conf.o
 .debug_frame   0x0000000000003630       0x34 USB_HOST/Target/usbh_platform.o
 .debug_frame   0x0000000000003664       0x20 /opt/st/stm32cubeide_1.3.0/plugins/com.st.stm32cube.ide.mcu.externaltools.gnu-tools-for-stm32.7-2018-q2-update.linux64_1.0.0.201904181610/tools/bin/../lib/gcc/arm-none-eabi/7.3.1/../../../../arm-none-eabi/lib/thumb/v7e-m/fpv4-sp/hard/libc_nano.a(lib_a-errno.o)
 .debug_frame   0x0000000000003684       0x2c /opt/st/stm32cubeide_1.3.0/plugins/com.st.stm32cube.ide.mcu.externaltools.gnu-tools-for-stm32.7-2018-q2-update.linux64_1.0.0.201904181610/tools/bin/../lib/gcc/arm-none-eabi/7.3.1/../../../../arm-none-eabi/lib/thumb/v7e-m/fpv4-sp/hard/libc_nano.a(lib_a-init.o)
 .debug_frame   0x00000000000036b0       0x30 /opt/st/stm32cubeide_1.3.0/plugins/com.st.stm32cube.ide.mcu.externaltools.gnu-tools-for-stm32.7-2018-q2-update.linux64_1.0.0.201904181610/tools/bin/../lib/gcc/arm-none-eabi/7.3.1/../../../../arm-none-eabi/lib/thumb/v7e-m/fpv4-sp/hard/libc_nano.a(lib_a-malloc.o)
 .debug_frame   0x00000000000036e0       0x20 /opt/st/stm32cubeide_1.3.0/plugins/com.st.stm32cube.ide.mcu.externaltools.gnu-tools-for-stm32.7-2018-q2-update.linux64_1.0.0.201904181610/tools/bin/../lib/gcc/arm-none-eabi/7.3.1/../../../../arm-none-eabi/lib/thumb/v7e-m/fpv4-sp/hard/libc_nano.a(lib_a-memset.o)
 .debug_frame   0x0000000000003700       0x38 /opt/st/stm32cubeide_1.3.0/plugins/com.st.stm32cube.ide.mcu.externaltools.gnu-tools-for-stm32.7-2018-q2-update.linux64_1.0.0.201904181610/tools/bin/../lib/gcc/arm-none-eabi/7.3.1/../../../../arm-none-eabi/lib/thumb/v7e-m/fpv4-sp/hard/libc_nano.a(lib_a-nano-freer.o)
 .debug_frame   0x0000000000003738       0x2c /opt/st/stm32cubeide_1.3.0/plugins/com.st.stm32cube.ide.mcu.externaltools.gnu-tools-for-stm32.7-2018-q2-update.linux64_1.0.0.201904181610/tools/bin/../lib/gcc/arm-none-eabi/7.3.1/../../../../arm-none-eabi/lib/thumb/v7e-m/fpv4-sp/hard/libc_nano.a(lib_a-nano-mallocr.o)
 .debug_frame   0x0000000000003764       0x2c /opt/st/stm32cubeide_1.3.0/plugins/com.st.stm32cube.ide.mcu.externaltools.gnu-tools-for-stm32.7-2018-q2-update.linux64_1.0.0.201904181610/tools/bin/../lib/gcc/arm-none-eabi/7.3.1/../../../../arm-none-eabi/lib/thumb/v7e-m/fpv4-sp/hard/libc_nano.a(lib_a-sbrkr.o)
 .debug_frame   0x0000000000003790       0x30 /opt/st/stm32cubeide_1.3.0/plugins/com.st.stm32cube.ide.mcu.externaltools.gnu-tools-for-stm32.7-2018-q2-update.linux64_1.0.0.201904181610/tools/bin/../lib/gcc/arm-none-eabi/7.3.1/../../../../arm-none-eabi/lib/thumb/v7e-m/fpv4-sp/hard/libc_nano.a(lib_a-mlock.o)
 .debug_frame   0x00000000000037c0       0x5c /opt/st/stm32cubeide_1.3.0/plugins/com.st.stm32cube.ide.mcu.externaltools.gnu-tools-for-stm32.7-2018-q2-update.linux64_1.0.0.201904181610/tools/bin/../lib/gcc/arm-none-eabi/7.3.1/../../../../arm-none-eabi/lib/thumb/v7e-m/fpv4-sp/hard/libc_nano.a(lib_a-reent.o)
 .debug_frame   0x000000000000381c       0x2c /opt/st/stm32cubeide_1.3.0/plugins/com.st.stm32cube.ide.mcu.externaltools.gnu-tools-for-stm32.7-2018-q2-update.linux64_1.0.0.201904181610/tools/bin/../lib/gcc/arm-none-eabi/7.3.1/thumb/v7e-m/fpv4-sp/hard/libgcc.a(_aeabi_uldivmod.o)
 .debug_frame   0x0000000000003848       0x34 /opt/st/stm32cubeide_1.3.0/plugins/com.st.stm32cube.ide.mcu.externaltools.gnu-tools-for-stm32.7-2018-q2-update.linux64_1.0.0.201904181610/tools/bin/../lib/gcc/arm-none-eabi/7.3.1/thumb/v7e-m/fpv4-sp/hard/libgcc.a(_udivmoddi4.o)
